*****************************************************************
*****************************************************************
***  Start Section 01
***    Title: Create the master repository
***    Date:  2018-01-13 18:09:04.513041915
*****************************************************************
*****************************************************************
 
*****************************************************************
***  Step Start
***    Title: 01.01: Create the master repo directory git-test-repo
***    Cmd:   mkdir -p "git-test-repo"   
***    Date:  2018-01-13 18:09:04.517181263
*****************************************************************
 
 
 
total 8.0K
drwxrwxr-x   2 mdrotthoff mdrotthoff 4.0K Jan 13 18:09 .
drwxrwxr-x. 18 mdrotthoff mdrotthoff 4.0K Jan 13 18:09 ..
 
*****************************************************************
***  Step Finish
***    Title:  01.01: Create the master repo directory git-test-repo
***    Status: 0
***    Date:   2018-01-13 18:09:04.528535397
*****************************************************************
 
*****************************************************************
***  Step Start
***    Title: 01.02: Change directory to git-test-repo
***    Cmd:   cd "git-test-repo"   
***    Date:  2018-01-13 18:09:04.532012407
*****************************************************************
 
 
 
Current working directory: /home/mdrotthoff/workspaces/ansible/git-test-repo
total 8.0K
drwxrwxr-x   2 mdrotthoff mdrotthoff 4.0K Jan 13 18:09 .
drwxrwxr-x. 18 mdrotthoff mdrotthoff 4.0K Jan 13 18:09 ..
 
*****************************************************************
***  Step Finish
***    Title:  01.02: Change directory to git-test-repo
***    Status: 0
***    Date:   2018-01-13 18:09:04.542745303
*****************************************************************
 
*****************************************************************
***  Step Start
***    Title: 01.03: Clone the master repository rcs-keywords-test1.git to git-test-repo
***    Cmd:   git clone --no-checkout "https://mdrotthoff:Dell_1891@github.com/mdrotthoff/rcs-keywords-test1.git"   
***    Date:  2018-01-13 18:09:04.546873770
*****************************************************************
 
Cloning into '.'...
 
On branch master
Your branch is up-to-date with 'origin/master'.
Changes to be committed:
  (use "git reset HEAD <file>..." to unstage)

	deleted:    README.md

 
*****************************************************************
***  Step Finish
***    Title:  01.03: Clone the master repository rcs-keywords-test1.git to git-test-repo
***    Status: 0
***    Date:   2018-01-13 18:09:05.245411724
*****************************************************************
 
*****************************************************************
***  Step Start
***    Title: 01.04: Install RCS support to the repository
***    Cmd:   /home/mdrotthoff/workspaces/ansible/git-rcs-keywords/install.py "."   
***    Date:  2018-01-13 18:09:05.249252655
*****************************************************************
 
 
  Target directory: 
  Directory .git/filters created
  Copied file  /home/mdrotthoff/workspaces/ansible/git-rcs-keywords/git-hook.py to .git/hooks/git-hook.py
  Directory .git/hooks/post-commit.d created
  Copied file  /home/mdrotthoff/workspaces/ansible/git-rcs-keywords/rcs-post-commit.py to .git/hooks/post-commit.d/rcs-post-commit.py
  Directory .git/hooks/post-checkout.d created
  Copied file  /home/mdrotthoff/workspaces/ansible/git-rcs-keywords/rcs-post-checkout.py to .git/hooks/post-checkout.d/rcs-post-checkout.py
  Directory .git/hooks/post-merge.d created
  Copied file  /home/mdrotthoff/workspaces/ansible/git-rcs-keywords/rcs-post-merge.py to .git/hooks/post-merge.d/rcs-post-merge.py
  Directory .git/hooks/post-rewrite.d created
  Copied file  /home/mdrotthoff/workspaces/ansible/git-rcs-keywords/rcs-post-rewrite.py to .git/hooks/post-rewrite.d/rcs-post-rewrite.py
  Copied file  /home/mdrotthoff/workspaces/ansible/git-rcs-keywords/rcs-filter-clean.py to .git/filters/rcs-filter-clean.py
  Copied file  /home/mdrotthoff/workspaces/ansible/git-rcs-keywords/rcs-filter-smudge.py to .git/filters/rcs-filter-smudge.py
 
 
*****************************************************************
***  Step Finish
***    Title:  01.04: Install RCS support to the repository
***    Status: 0
***    Date:   2018-01-13 18:09:05.347811730
*****************************************************************
 
*****************************************************************
***  Step Start
***    Title: 01.05: Checkout the master branch
***    Cmd:   git checkout "master"   
***    Date:  2018-01-13 18:09:05.351620359
*****************************************************************
 
Already on 'master'
Your branch is up-to-date with 'origin/master'.
 
On branch master
Your branch is up-to-date with 'origin/master'.
nothing to commit, working tree clean
 
*****************************************************************
***  Step Finish
***    Title:  01.05: Checkout the master branch
***    Status: 0
***    Date:   2018-01-13 18:09:05.554702815
*****************************************************************
 
*****************************************************************
***  Step Start
***    Title: 01.06: List the branches
***    Cmd:   git branch -a   
***    Date:  2018-01-13 18:09:05.558553890
*****************************************************************
 
* master
  remotes/origin/HEAD -> origin/master
  remotes/origin/master
 
On branch master
Your branch is up-to-date with 'origin/master'.
nothing to commit, working tree clean
 
*****************************************************************
***  Step Finish
***    Title:  01.06: List the branches
***    Status: 0
***    Date:   2018-01-13 18:09:05.603617407
*****************************************************************
 
*****************************************************************
***  Step Start
***    Title: 01.07: List the repo directory git-test-repo
***    Cmd:   ls -lah "."   
***    Date:  2018-01-13 18:09:05.608047741
*****************************************************************
 
 
Current working directory: /home/mdrotthoff/workspaces/ansible/git-test-repo
 
total 16K
drwxrwxr-x   3 mdrotthoff mdrotthoff 4.0K Jan 13 18:09 .
drwxrwxr-x. 18 mdrotthoff mdrotthoff 4.0K Jan 13 18:09 ..
drwxrwxr-x   9 mdrotthoff mdrotthoff 4.0K Jan 13 18:09 .git
-rw-rw-r--   1 mdrotthoff mdrotthoff   79 Jan 13 18:09 README.md
 
 
*****************************************************************
***  Step Finish
***    Title:  01.07: List the repo directory git-test-repo
***    Status: 0
***    Date:   2018-01-13 18:09:05.620385473
*****************************************************************
 
*****************************************************************
*****************************************************************
***  Section Finish
***    Title: Create the master repository
***    Date:  2018-01-13 18:09:05.623981357
*****************************************************************
*****************************************************************
 
 
 
*****************************************************************
*****************************************************************
***  Start Section 02
***    Title: Create the submodule repository
***    Date:  2018-01-13 18:09:05.628092653
*****************************************************************
*****************************************************************
 
*****************************************************************
***  Step Start
***    Title: 02.01: Clone the submodule repository rcs-keywords-test2.git to test-repo2
***    Cmd:   git submodule add "https://mdrotthoff:Dell_1891@github.com/mdrotthoff/rcs-keywords-test2.git" "test-repo2"   
***    Date:  2018-01-13 18:09:05.632452208
*****************************************************************
 
Cloning into '/home/mdrotthoff/workspaces/ansible/git-test-repo/test-repo2'...
 
On branch master
Your branch is up-to-date with 'origin/master'.
Changes to be committed:
  (use "git reset HEAD <file>..." to unstage)

	new file:   .gitmodules
	new file:   test-repo2

 
*****************************************************************
***  Step Finish
***    Title:  02.01: Clone the submodule repository rcs-keywords-test2.git to test-repo2
***    Status: 0
***    Date:   2018-01-13 18:09:06.372079190
*****************************************************************
 
*****************************************************************
***  Step Start
***    Title: 02.02: Change directory to test-repo2
***    Cmd:   cd "test-repo2"   
***    Date:  2018-01-13 18:09:06.376196280
*****************************************************************
 
 
 
Current working directory: /home/mdrotthoff/workspaces/ansible/git-test-repo/test-repo2
total 16K
drwxrwxr-x 2 mdrotthoff mdrotthoff 4.0K Jan 13 18:09 .
drwxrwxr-x 4 mdrotthoff mdrotthoff 4.0K Jan 13 18:09 ..
-rw-rw-r-- 1 mdrotthoff mdrotthoff   35 Jan 13 18:09 .git
-rw-rw-r-- 1 mdrotthoff mdrotthoff   78 Jan 13 18:09 README.md
 
*****************************************************************
***  Step Finish
***    Title:  02.02: Change directory to test-repo2
***    Status: 0
***    Date:   2018-01-13 18:09:06.387848977
*****************************************************************
 
*****************************************************************
***  Step Start
***    Title: 02.03: Checkout the master branch
***    Cmd:   git checkout "master"   
***    Date:  2018-01-13 18:09:06.391939694
*****************************************************************
 
Already on 'master'
Your branch is up-to-date with 'origin/master'.
 
On branch master
Your branch is up-to-date with 'origin/master'.
nothing to commit, working tree clean
 
*****************************************************************
***  Step Finish
***    Title:  02.03: Checkout the master branch
***    Status: 0
***    Date:   2018-01-13 18:09:06.407512939
*****************************************************************
 
*****************************************************************
***  Step Start
***    Title: 02.06: List the branches
***    Cmd:   git branch -a   
***    Date:  2018-01-13 18:09:06.411228710
*****************************************************************
 
* master
  remotes/origin/HEAD -> origin/master
  remotes/origin/master
 
On branch master
Your branch is up-to-date with 'origin/master'.
nothing to commit, working tree clean
 
*****************************************************************
***  Step Finish
***    Title:  02.06: List the branches
***    Status: 0
***    Date:   2018-01-13 18:09:06.425014556
*****************************************************************
 
*****************************************************************
***  Step Start
***    Title: 02.07: List the repo directory test-repo2
***    Cmd:   ls -lah "."   
***    Date:  2018-01-13 18:09:06.429315831
*****************************************************************
 
 
Current working directory: /home/mdrotthoff/workspaces/ansible/git-test-repo/test-repo2
 
total 16K
drwxrwxr-x 2 mdrotthoff mdrotthoff 4.0K Jan 13 18:09 .
drwxrwxr-x 4 mdrotthoff mdrotthoff 4.0K Jan 13 18:09 ..
-rw-rw-r-- 1 mdrotthoff mdrotthoff   35 Jan 13 18:09 .git
-rw-rw-r-- 1 mdrotthoff mdrotthoff   78 Jan 13 18:09 README.md
 
 
*****************************************************************
***  Step Finish
***    Title:  02.07: List the repo directory test-repo2
***    Status: 0
***    Date:   2018-01-13 18:09:06.441388036
*****************************************************************
 
*****************************************************************
***  Step Start
***    Title: 02.08: Change directory to git-test-repo
***    Cmd:   cd ".."   
***    Date:  2018-01-13 18:09:06.444998835
*****************************************************************
 
 
 
Current working directory: /home/mdrotthoff/workspaces/ansible/git-test-repo
total 24K
drwxrwxr-x   4 mdrotthoff mdrotthoff 4.0K Jan 13 18:09 .
drwxrwxr-x. 18 mdrotthoff mdrotthoff 4.0K Jan 13 18:09 ..
drwxrwxr-x  10 mdrotthoff mdrotthoff 4.0K Jan 13 18:09 .git
-rw-rw-r--   1 mdrotthoff mdrotthoff  125 Jan 13 18:09 .gitmodules
-rw-rw-r--   1 mdrotthoff mdrotthoff   79 Jan 13 18:09 README.md
drwxrwxr-x   2 mdrotthoff mdrotthoff 4.0K Jan 13 18:09 test-repo2
 
*****************************************************************
***  Step Finish
***    Title:  02.08: Change directory to git-test-repo
***    Status: 0
***    Date:   2018-01-13 18:09:06.455482363
*****************************************************************
 
*****************************************************************
***  Step Start
***    Title: 02.09: Install RCS support to the repository
***    Cmd:   /home/mdrotthoff/workspaces/ansible/git-rcs-keywords/install.py "."   
***    Date:  2018-01-13 18:09:06.459590227
*****************************************************************
 
 
  Target directory: 
  Destination file exists -- OVERWRITTING!!!!
  Copied file  /home/mdrotthoff/workspaces/ansible/git-rcs-keywords/git-hook.py to .git/hooks/git-hook.py
  Destination file exists -- OVERWRITTING!!!!
  Copied file  /home/mdrotthoff/workspaces/ansible/git-rcs-keywords/rcs-post-commit.py to .git/hooks/post-commit.d/rcs-post-commit.py
  Destination file exists -- OVERWRITTING!!!!
  Copied file  /home/mdrotthoff/workspaces/ansible/git-rcs-keywords/rcs-post-checkout.py to .git/hooks/post-checkout.d/rcs-post-checkout.py
  Destination file exists -- OVERWRITTING!!!!
  Copied file  /home/mdrotthoff/workspaces/ansible/git-rcs-keywords/rcs-post-merge.py to .git/hooks/post-merge.d/rcs-post-merge.py
  Destination file exists -- OVERWRITTING!!!!
  Copied file  /home/mdrotthoff/workspaces/ansible/git-rcs-keywords/rcs-post-rewrite.py to .git/hooks/post-rewrite.d/rcs-post-rewrite.py
  Destination file exists -- OVERWRITTING!!!!
  Copied file  /home/mdrotthoff/workspaces/ansible/git-rcs-keywords/rcs-filter-clean.py to .git/filters/rcs-filter-clean.py
  Destination file exists -- OVERWRITTING!!!!
  Copied file  /home/mdrotthoff/workspaces/ansible/git-rcs-keywords/rcs-filter-smudge.py to .git/filters/rcs-filter-smudge.py
  Directory .git/modules/test-repo2/filters created
  Copied file  /home/mdrotthoff/workspaces/ansible/git-rcs-keywords/git-hook.py to .git/modules/test-repo2/hooks/git-hook.py
  Directory .git/modules/test-repo2/hooks/post-commit.d created
  Copied file  /home/mdrotthoff/workspaces/ansible/git-rcs-keywords/rcs-post-commit.py to .git/modules/test-repo2/hooks/post-commit.d/rcs-post-commit.py
  Directory .git/modules/test-repo2/hooks/post-checkout.d created
  Copied file  /home/mdrotthoff/workspaces/ansible/git-rcs-keywords/rcs-post-checkout.py to .git/modules/test-repo2/hooks/post-checkout.d/rcs-post-checkout.py
  Directory .git/modules/test-repo2/hooks/post-merge.d created
  Copied file  /home/mdrotthoff/workspaces/ansible/git-rcs-keywords/rcs-post-merge.py to .git/modules/test-repo2/hooks/post-merge.d/rcs-post-merge.py
  Directory .git/modules/test-repo2/hooks/post-rewrite.d created
  Copied file  /home/mdrotthoff/workspaces/ansible/git-rcs-keywords/rcs-post-rewrite.py to .git/modules/test-repo2/hooks/post-rewrite.d/rcs-post-rewrite.py
  Copied file  /home/mdrotthoff/workspaces/ansible/git-rcs-keywords/rcs-filter-clean.py to .git/modules/test-repo2/filters/rcs-filter-clean.py
  Copied file  /home/mdrotthoff/workspaces/ansible/git-rcs-keywords/rcs-filter-smudge.py to .git/modules/test-repo2/filters/rcs-filter-smudge.py
 
 
*****************************************************************
***  Step Finish
***    Title:  02.09: Install RCS support to the repository
***    Status: 0
***    Date:   2018-01-13 18:09:06.612189815
*****************************************************************
 
*****************************************************************
***  Step Start
***    Title: 02.10: Commit the submodule to the repository
***    Cmd:   git commit -m "02.10: Commit the submodule to the repository"   
***    Date:  2018-01-13 18:09:06.616537103
*****************************************************************
 
[master 1f34f92] 02.10: Commit the submodule to the repository
 2 files changed, 4 insertions(+)
 create mode 100644 .gitmodules
 create mode 160000 test-repo2
 
On branch master
Your branch is ahead of 'origin/master' by 1 commit.
  (use "git push" to publish your local commits)
nothing to commit, working tree clean
 
*****************************************************************
***  Step Finish
***    Title:  02.10: Commit the submodule to the repository
***    Status: 0
***    Date:   2018-01-13 18:09:06.866240915
*****************************************************************
 
*****************************************************************
***  Step Start
***    Title: 02.11: Show the repository directory tree
***    Cmd:   tree "."   
***    Date:  2018-01-13 18:09:06.870516687
*****************************************************************
 
 
Current working directory: /home/mdrotthoff/workspaces/ansible/git-test-repo
.
├── README.md
└── test-repo2
    └── README.md

1 directory, 2 files
 
 
*****************************************************************
***  Step Finish
***    Title:  02.11: Show the repository directory tree
***    Status: 0
***    Date:   2018-01-13 18:09:06.880117514
*****************************************************************
 
*****************************************************************
*****************************************************************
***  Section Finish
***    Title: Create the submodule repository
***    Date:  2018-01-13 18:09:06.883660088
*****************************************************************
*****************************************************************
 
 
 
*****************************************************************
*****************************************************************
***  Start Section 03
***    Title: Create the development branch
***    Date:  2018-01-13 18:09:06.887520858
*****************************************************************
*****************************************************************
 
*****************************************************************
***  Step Start
***    Title: 03.01: Create the development branch
***    Cmd:   git branch "development"   
***    Date:  2018-01-13 18:09:06.891464999
*****************************************************************
 
 
On branch master
Your branch is ahead of 'origin/master' by 1 commit.
  (use "git push" to publish your local commits)
nothing to commit, working tree clean
 
*****************************************************************
***  Step Finish
***    Title:  03.01: Create the development branch
***    Status: 0
***    Date:   2018-01-13 18:09:06.945422596
*****************************************************************
 
*****************************************************************
***  Step Start
***    Title: 03.02: List the branches
***    Cmd:   git branch -a   
***    Date:  2018-01-13 18:09:06.949220513
*****************************************************************
 
  development
* master
  remotes/origin/HEAD -> origin/master
  remotes/origin/master
 
On branch master
Your branch is ahead of 'origin/master' by 1 commit.
  (use "git push" to publish your local commits)
nothing to commit, working tree clean
 
*****************************************************************
***  Step Finish
***    Title:  03.02: List the branches
***    Status: 0
***    Date:   2018-01-13 18:09:07.000927799
*****************************************************************
 
*****************************************************************
***  Step Start
***    Title: 03.03: Checkout the development branch
***    Cmd:   git checkout "development"   
***    Date:  2018-01-13 18:09:07.004999269
*****************************************************************
 
Switched to branch 'development'
 
On branch development
nothing to commit, working tree clean
 
*****************************************************************
***  Step Finish
***    Title:  03.03: Checkout the development branch
***    Status: 0
***    Date:   2018-01-13 18:09:07.222382187
*****************************************************************
 
*****************************************************************
***  Step Start
***    Title: 03.04: List the branches
***    Cmd:   git branch -a   
***    Date:  2018-01-13 18:09:07.226673358
*****************************************************************
 
* development
  master
  remotes/origin/HEAD -> origin/master
  remotes/origin/master
 
On branch development
nothing to commit, working tree clean
 
*****************************************************************
***  Step Finish
***    Title:  03.04: List the branches
***    Status: 0
***    Date:   2018-01-13 18:09:07.246329963
*****************************************************************
 
*****************************************************************
***  Step Start
***    Title: 03.05: Change directory to test-repo2
***    Cmd:   cd "test-repo2"   
***    Date:  2018-01-13 18:09:07.250507327
*****************************************************************
 
 
 
Current working directory: /home/mdrotthoff/workspaces/ansible/git-test-repo/test-repo2
total 16K
drwxrwxr-x 2 mdrotthoff mdrotthoff 4.0K Jan 13 18:09 .
drwxrwxr-x 4 mdrotthoff mdrotthoff 4.0K Jan 13 18:09 ..
-rw-rw-r-- 1 mdrotthoff mdrotthoff   35 Jan 13 18:09 .git
-rw-rw-r-- 1 mdrotthoff mdrotthoff   78 Jan 13 18:09 README.md
 
*****************************************************************
***  Step Finish
***    Title:  03.05: Change directory to test-repo2
***    Status: 0
***    Date:   2018-01-13 18:09:07.262587956
*****************************************************************
 
*****************************************************************
***  Step Start
***    Title: 03.06: Create the development branch
***    Cmd:   git branch "development"   
***    Date:  2018-01-13 18:09:07.266367664
*****************************************************************
 
 
On branch master
Your branch is up-to-date with 'origin/master'.
nothing to commit, working tree clean
 
*****************************************************************
***  Step Finish
***    Title:  03.06: Create the development branch
***    Status: 0
***    Date:   2018-01-13 18:09:07.280191303
*****************************************************************
 
*****************************************************************
***  Step Start
***    Title: 03.07: Checkout the development branch
***    Cmd:   git checkout "development"   
***    Date:  2018-01-13 18:09:07.284244421
*****************************************************************
 
Switched to branch 'development'
 
On branch development
nothing to commit, working tree clean
 
*****************************************************************
***  Step Finish
***    Title:  03.07: Checkout the development branch
***    Status: 0
***    Date:   2018-01-13 18:09:07.383471051
*****************************************************************
 
*****************************************************************
***  Step Start
***    Title: 03.08: Show the repo status
***    Cmd:   git status   
***    Date:  2018-01-13 18:09:07.387630377
*****************************************************************
 
On branch development
nothing to commit, working tree clean
 
*****************************************************************
***  Step Finish
***    Title:  03.08: Show the repo status
***    Status: 0
***    Date:   2018-01-13 18:09:07.396135339
*****************************************************************
 
*****************************************************************
***  Step Start
***    Title: 03.09: Change directory to git-test-repo
***    Cmd:   cd ".."   
***    Date:  2018-01-13 18:09:07.399862427
*****************************************************************
 
 
 
Current working directory: /home/mdrotthoff/workspaces/ansible/git-test-repo
total 24K
drwxrwxr-x   4 mdrotthoff mdrotthoff 4.0K Jan 13 18:09 .
drwxrwxr-x. 18 mdrotthoff mdrotthoff 4.0K Jan 13 18:09 ..
drwxrwxr-x  10 mdrotthoff mdrotthoff 4.0K Jan 13 18:09 .git
-rw-rw-r--   1 mdrotthoff mdrotthoff  125 Jan 13 18:09 .gitmodules
-rw-rw-r--   1 mdrotthoff mdrotthoff   79 Jan 13 18:09 README.md
drwxrwxr-x   2 mdrotthoff mdrotthoff 4.0K Jan 13 18:09 test-repo2
 
*****************************************************************
***  Step Finish
***    Title:  03.09: Change directory to git-test-repo
***    Status: 0
***    Date:   2018-01-13 18:09:07.411831047
*****************************************************************
 
*****************************************************************
***  Step Start
***    Title: 03.10: Show the repo status
***    Cmd:   git status   
***    Date:  2018-01-13 18:09:07.415749474
*****************************************************************
 
On branch development
nothing to commit, working tree clean
 
*****************************************************************
***  Step Finish
***    Title:  03.10: Show the repo status
***    Status: 0
***    Date:   2018-01-13 18:09:07.428778635
*****************************************************************
 
*****************************************************************
***  Step Start
***    Title: 03.11: Show the repository directory tree
***    Cmd:   tree "."   
***    Date:  2018-01-13 18:09:07.432434085
*****************************************************************
 
 
Current working directory: /home/mdrotthoff/workspaces/ansible/git-test-repo
.
├── README.md
└── test-repo2
    └── README.md

1 directory, 2 files
 
 
*****************************************************************
***  Step Finish
***    Title:  03.11: Show the repository directory tree
***    Status: 0
***    Date:   2018-01-13 18:09:07.442237231
*****************************************************************
 
*****************************************************************
*****************************************************************
***  Section Finish
***    Title: Create the development branch
***    Date:  2018-01-13 18:09:07.446332834
*****************************************************************
*****************************************************************
 
 
 
*****************************************************************
*****************************************************************
***  Start Section 04
***    Title: Create test files in the master repository
***    Date:  2018-01-13 18:09:07.450392298
*****************************************************************
*****************************************************************
 
*****************************************************************
***  Step Start
***    Title: 04.01: Build test file test-01.txt
***    Cmd:   echo >> "test-01.txt"   
***    Date:  2018-01-13 18:09:07.454283650
*****************************************************************
 
 
** 04.01: Build test file test-01.txt - start file contents **
$Author$
$Date$
$Revision$
$Rev$
$File$
$Source$
$Hash$
$Id$
** 04.01: Build test file test-01.txt - end file contents **
 
*****************************************************************
***  Step Finish
***    Title:  04.01: Build test file test-01.txt
***    Status: 0
***    Date:   2018-01-13 18:09:07.464120279
*****************************************************************
 
*****************************************************************
***  Step Start
***    Title: 04.02: Build test file test-02.txt
***    Cmd:   echo >> "test-02.txt"   
***    Date:  2018-01-13 18:09:07.467637229
*****************************************************************
 
 
** 04.02: Build test file test-02.txt - start file contents **
$Author$
$Date$
$Revision$
$Rev$
$File$
$Source$
$Hash$
$Id$
** 04.02: Build test file test-02.txt - end file contents **
 
*****************************************************************
***  Step Finish
***    Title:  04.02: Build test file test-02.txt
***    Status: 0
***    Date:   2018-01-13 18:09:07.479075487
*****************************************************************
 
*****************************************************************
***  Step Start
***    Title: 04.03: Build test file test-03.txt
***    Cmd:   echo >> "test-03.txt"   
***    Date:  2018-01-13 18:09:07.483429527
*****************************************************************
 
 
** 04.03: Build test file test-03.txt - start file contents **
$Author$
$Date$
$Revision$
$Rev$
$File$
$Source$
$Hash$
$Id$
** 04.03: Build test file test-03.txt - end file contents **
 
*****************************************************************
***  Step Finish
***    Title:  04.03: Build test file test-03.txt
***    Status: 0
***    Date:   2018-01-13 18:09:07.494632440
*****************************************************************
 
*****************************************************************
***  Step Start
***    Title: 04.04: List the test files
***    Cmd:   ls -lah "."   
***    Date:  2018-01-13 18:09:07.500182920
*****************************************************************
 
 
Current working directory: /home/mdrotthoff/workspaces/ansible/git-test-repo
 
total 36K
drwxrwxr-x   4 mdrotthoff mdrotthoff 4.0K Jan 13 18:09 .
drwxrwxr-x. 18 mdrotthoff mdrotthoff 4.0K Jan 13 18:09 ..
drwxrwxr-x  10 mdrotthoff mdrotthoff 4.0K Jan 13 18:09 .git
-rw-rw-r--   1 mdrotthoff mdrotthoff  125 Jan 13 18:09 .gitmodules
-rw-rw-r--   1 mdrotthoff mdrotthoff   79 Jan 13 18:09 README.md
-rw-rw-r--   1 mdrotthoff mdrotthoff   61 Jan 13 18:09 test-01.txt
-rw-rw-r--   1 mdrotthoff mdrotthoff   61 Jan 13 18:09 test-02.txt
-rw-rw-r--   1 mdrotthoff mdrotthoff   61 Jan 13 18:09 test-03.txt
drwxrwxr-x   2 mdrotthoff mdrotthoff 4.0K Jan 13 18:09 test-repo2
 
 
*****************************************************************
***  Step Finish
***    Title:  04.04: List the test files
***    Status: 0
***    Date:   2018-01-13 18:09:07.512204286
*****************************************************************
 
*****************************************************************
***  Step Start
***    Title: 04.04: Add test files test-*.txt to the repository
***    Cmd:   git add --verbose "test-*.txt"   
***    Date:  2018-01-13 18:09:07.515896819
*****************************************************************
 
add 'test-01.txt'
add 'test-02.txt'
add 'test-03.txt'
 
On branch development
Changes to be committed:
  (use "git reset HEAD <file>..." to unstage)

	new file:   test-01.txt
	new file:   test-02.txt
	new file:   test-03.txt

 
*****************************************************************
***  Step Finish
***    Title:  04.04: Add test files test-*.txt to the repository
***    Status: 0
***    Date:   2018-01-13 18:09:07.721270811
*****************************************************************
 
*****************************************************************
***  Step Start
***    Title: 04.05: List the test files
***    Cmd:   ls -lah "."   
***    Date:  2018-01-13 18:09:07.725608042
*****************************************************************
 
 
Current working directory: /home/mdrotthoff/workspaces/ansible/git-test-repo
 
total 36K
drwxrwxr-x   4 mdrotthoff mdrotthoff 4.0K Jan 13 18:09 .
drwxrwxr-x. 18 mdrotthoff mdrotthoff 4.0K Jan 13 18:09 ..
drwxrwxr-x  10 mdrotthoff mdrotthoff 4.0K Jan 13 18:09 .git
-rw-rw-r--   1 mdrotthoff mdrotthoff  125 Jan 13 18:09 .gitmodules
-rw-rw-r--   1 mdrotthoff mdrotthoff   79 Jan 13 18:09 README.md
-rw-rw-r--   1 mdrotthoff mdrotthoff   61 Jan 13 18:09 test-01.txt
-rw-rw-r--   1 mdrotthoff mdrotthoff   61 Jan 13 18:09 test-02.txt
-rw-rw-r--   1 mdrotthoff mdrotthoff   61 Jan 13 18:09 test-03.txt
drwxrwxr-x   2 mdrotthoff mdrotthoff 4.0K Jan 13 18:09 test-repo2
 
 
*****************************************************************
***  Step Finish
***    Title:  04.05: List the test files
***    Status: 0
***    Date:   2018-01-13 18:09:07.737668856
*****************************************************************
 
*****************************************************************
***  Step Start
***    Title: 04.06: Append data to test file test-03.txt to smudging
***    Cmd:   echo >> "test-03.txt"   
***    Date:  2018-01-13 18:09:07.741747192
*****************************************************************
 
 
** 04.06: Append data to test file test-03.txt to smudging - start file contents **
$Author$
$Date$
$Revision$
$Rev$
$File$
$Source$
$Hash$
$Id$
 
$Author$
$Date$
$Revision$
$Rev$
$File$
$Source$
$Hash$
$Id$
** 04.06: Append data to test file test-03.txt to smudging - end file contents **
 
*****************************************************************
***  Step Finish
***    Title:  04.06: Append data to test file test-03.txt to smudging
***    Status: 0
***    Date:   2018-01-13 18:09:07.753620938
*****************************************************************
 
*****************************************************************
*****************************************************************
***  Section Finish
***    Title: Create test files in the master repository
***    Date:  2018-01-13 18:09:07.757907673
*****************************************************************
*****************************************************************
 
 
 
*****************************************************************
*****************************************************************
***  Start Section 05
***    Title: Commit test files to the master repository
***    Date:  2018-01-13 18:09:07.762236472
*****************************************************************
*****************************************************************
 
*****************************************************************
***  Step Start
***    Title: 05.01: Commit the test files to the repository
***    Cmd:   git commit -m "05.01: Commit the test files to the repository"   
***    Date:  2018-01-13 18:09:07.766110693
*****************************************************************
 
[development 5870d7e] 05.01: Commit the test files to the repository
 3 files changed, 24 insertions(+)
 create mode 100644 test-01.txt
 create mode 100644 test-02.txt
 create mode 100644 test-03.txt
 
On branch development
Changes not staged for commit:
  (use "git add <file>..." to update what will be committed)
  (use "git checkout -- <file>..." to discard changes in working directory)

	modified:   test-03.txt

no changes added to commit (use "git add" and/or "git commit -a")
 
*****************************************************************
***  Step Finish
***    Title:  05.01: Commit the test files to the repository
***    Status: 0
***    Date:   2018-01-13 18:09:08.355590890
*****************************************************************
 
*****************************************************************
***  Step Start
***    Title: 05.02: Display contents of test file test-01.txt
***    Cmd:   cat "test-01.txt"   
***    Date:  2018-01-13 18:09:08.359447657
*****************************************************************
 
$Author:   david_rotthoff <david_rotthoff@rotthoff.home> $
$Date:     2018-01-13 18:09:07 -0600 $
$Revision: 2018-01-13 18:09:07 -0600 $
$Rev:      2018-01-13 18:09:07 -0600 $
$File:     test-01.txt $
$Source:   test-01.txt $
$Hash:     5870d7ef1c049aac9a8b6de5927e7482389e881b $
$Id:       test-01.txt | 2018-01-13 18:09:07 -0600 | david_rotthoff $
 
*****************************************************************
***  Step Finish
***    Title:  05.02: Display contents of test file test-01.txt
***    Status: 0
***    Date:   2018-01-13 18:09:08.366829720
*****************************************************************
 
*****************************************************************
***  Step Start
***    Title: 05.03: Display contents of test file test-02.txt
***    Cmd:   cat "test-02.txt"   
***    Date:  2018-01-13 18:09:08.370550773
*****************************************************************
 
$Author:   david_rotthoff <david_rotthoff@rotthoff.home> $
$Date:     2018-01-13 18:09:07 -0600 $
$Revision: 2018-01-13 18:09:07 -0600 $
$Rev:      2018-01-13 18:09:07 -0600 $
$File:     test-02.txt $
$Source:   test-02.txt $
$Hash:     5870d7ef1c049aac9a8b6de5927e7482389e881b $
$Id:       test-02.txt | 2018-01-13 18:09:07 -0600 | david_rotthoff $
 
*****************************************************************
***  Step Finish
***    Title:  05.03: Display contents of test file test-02.txt
***    Status: 0
***    Date:   2018-01-13 18:09:08.377531009
*****************************************************************
 
*****************************************************************
***  Step Start
***    Title: 05.04: Display contents of test file test-03.txt
***    Cmd:   cat "test-03.txt"   
***    Date:  2018-01-13 18:09:08.381491253
*****************************************************************
 
$Author$
$Date$
$Revision$
$Rev$
$File$
$Source$
$Hash$
$Id$
 
$Author$
$Date$
$Revision$
$Rev$
$File$
$Source$
$Hash$
$Id$
 
*****************************************************************
***  Step Finish
***    Title:  05.04: Display contents of test file test-03.txt
***    Status: 0
***    Date:   2018-01-13 18:09:08.388660985
*****************************************************************
 
*****************************************************************
***  Step Start
***    Title: 05.05: List the test files
***    Cmd:   ls -lah "."   
***    Date:  2018-01-13 18:09:08.392246592
*****************************************************************
 
 
Current working directory: /home/mdrotthoff/workspaces/ansible/git-test-repo
 
total 36K
drwxrwxr-x   4 mdrotthoff mdrotthoff 4.0K Jan 13 18:09 .
drwxrwxr-x. 18 mdrotthoff mdrotthoff 4.0K Jan 13 18:09 ..
drwxrwxr-x  10 mdrotthoff mdrotthoff 4.0K Jan 13 18:09 .git
-rw-rw-r--   1 mdrotthoff mdrotthoff  125 Jan 13 18:09 .gitmodules
-rw-rw-r--   1 mdrotthoff mdrotthoff   79 Jan 13 18:09 README.md
-rw-rw-r--   1 mdrotthoff mdrotthoff  350 Jan 13 18:09 test-01.txt
-rw-rw-r--   1 mdrotthoff mdrotthoff  350 Jan 13 18:09 test-02.txt
-rw-rw-r--   1 mdrotthoff mdrotthoff  124 Jan 13 18:09 test-03.txt
drwxrwxr-x   2 mdrotthoff mdrotthoff 4.0K Jan 13 18:09 test-repo2
 
 
*****************************************************************
***  Step Finish
***    Title:  05.05: List the test files
***    Status: 0
***    Date:   2018-01-13 18:09:08.404525912
*****************************************************************
 
*****************************************************************
*****************************************************************
***  Section Finish
***    Title: Commit test files to the master repository
***    Date:  2018-01-13 18:09:08.408201703
*****************************************************************
*****************************************************************
 
 
 
*****************************************************************
*****************************************************************
***  Start Section 06
***    Title: Commit updated test files to the master repository
***    Date:  2018-01-13 18:09:08.412403937
*****************************************************************
*****************************************************************
 
*****************************************************************
***  Step Start
***    Title: 06.01: Append data to test file test-02.txt
***    Cmd:   echo >> "test-02.txt"   
***    Date:  2018-01-13 18:09:08.416516800
*****************************************************************
 
 
** 06.01: Append data to test file test-02.txt - start file contents **
$Author:   david_rotthoff <david_rotthoff@rotthoff.home> $
$Date:     2018-01-13 18:09:07 -0600 $
$Revision: 2018-01-13 18:09:07 -0600 $
$Rev:      2018-01-13 18:09:07 -0600 $
$File:     test-02.txt $
$Source:   test-02.txt $
$Hash:     5870d7ef1c049aac9a8b6de5927e7482389e881b $
$Id:       test-02.txt | 2018-01-13 18:09:07 -0600 | david_rotthoff $
 
$Author$
$Date$
$Revision$
$Rev$
$File$
$Source$
$Hash$
$Id$
** 06.01: Append data to test file test-02.txt - end file contents **
 
*****************************************************************
***  Step Finish
***    Title:  06.01: Append data to test file test-02.txt
***    Status: 0
***    Date:   2018-01-13 18:09:08.428927198
*****************************************************************
 
*****************************************************************
***  Step Start
***    Title: 06.02: Add test files test-*.txt to the repository
***    Cmd:   git add --verbose "test-*.txt"   
***    Date:  2018-01-13 18:09:08.432770388
*****************************************************************
 
add 'test-02.txt'
add 'test-03.txt'
 
On branch development
Changes to be committed:
  (use "git reset HEAD <file>..." to unstage)

	modified:   test-02.txt
	modified:   test-03.txt

 
*****************************************************************
***  Step Finish
***    Title:  06.02: Add test files test-*.txt to the repository
***    Status: 0
***    Date:   2018-01-13 18:09:08.608693831
*****************************************************************
 
*****************************************************************
***  Step Start
***    Title: 06.03: Commit the test files to the repository
***    Cmd:   git commit -m "06.03: Commit the test files to the repository"   
***    Date:  2018-01-13 18:09:08.613244465
*****************************************************************
 
[development 820b487] 06.03: Commit the test files to the repository
 2 files changed, 18 insertions(+)
 
On branch development
nothing to commit, working tree clean
 
*****************************************************************
***  Step Finish
***    Title:  06.03: Commit the test files to the repository
***    Status: 0
***    Date:   2018-01-13 18:09:09.207363015
*****************************************************************
 
*****************************************************************
***  Step Start
***    Title: 06.04: Display contents of test file test-01.txt
***    Cmd:   cat "test-01.txt"   
***    Date:  2018-01-13 18:09:09.211587413
*****************************************************************
 
$Author:   david_rotthoff <david_rotthoff@rotthoff.home> $
$Date:     2018-01-13 18:09:07 -0600 $
$Revision: 2018-01-13 18:09:07 -0600 $
$Rev:      2018-01-13 18:09:07 -0600 $
$File:     test-01.txt $
$Source:   test-01.txt $
$Hash:     5870d7ef1c049aac9a8b6de5927e7482389e881b $
$Id:       test-01.txt | 2018-01-13 18:09:07 -0600 | david_rotthoff $
 
*****************************************************************
***  Step Finish
***    Title:  06.04: Display contents of test file test-01.txt
***    Status: 0
***    Date:   2018-01-13 18:09:09.218948866
*****************************************************************
 
*****************************************************************
***  Step Start
***    Title: 06.05: Display contents of test file test-02.txt
***    Cmd:   cat "test-02.txt"   
***    Date:  2018-01-13 18:09:09.223308335
*****************************************************************
 
$Author:   david_rotthoff <david_rotthoff@rotthoff.home> $
$Date:     2018-01-13 18:09:08 -0600 $
$Revision: 2018-01-13 18:09:08 -0600 $
$Rev:      2018-01-13 18:09:08 -0600 $
$File:     test-02.txt $
$Source:   test-02.txt $
$Hash:     820b487174e91d527bbc47507c865200ed72a18b $
$Id:       test-02.txt | 2018-01-13 18:09:08 -0600 | david_rotthoff $
 
$Author:   david_rotthoff <david_rotthoff@rotthoff.home> $
$Date:     2018-01-13 18:09:08 -0600 $
$Revision: 2018-01-13 18:09:08 -0600 $
$Rev:      2018-01-13 18:09:08 -0600 $
$File:     test-02.txt $
$Source:   test-02.txt $
$Hash:     820b487174e91d527bbc47507c865200ed72a18b $
$Id:       test-02.txt | 2018-01-13 18:09:08 -0600 | david_rotthoff $
 
*****************************************************************
***  Step Finish
***    Title:  06.05: Display contents of test file test-02.txt
***    Status: 0
***    Date:   2018-01-13 18:09:09.230741405
*****************************************************************
 
*****************************************************************
***  Step Start
***    Title: 06.06: Display contents of test file test-03.txt
***    Cmd:   cat "test-03.txt"   
***    Date:  2018-01-13 18:09:09.234506533
*****************************************************************
 
$Author:   david_rotthoff <david_rotthoff@rotthoff.home> $
$Date:     2018-01-13 18:09:08 -0600 $
$Revision: 2018-01-13 18:09:08 -0600 $
$Rev:      2018-01-13 18:09:08 -0600 $
$File:     test-03.txt $
$Source:   test-03.txt $
$Hash:     820b487174e91d527bbc47507c865200ed72a18b $
$Id:       test-03.txt | 2018-01-13 18:09:08 -0600 | david_rotthoff $
 
$Author:   david_rotthoff <david_rotthoff@rotthoff.home> $
$Date:     2018-01-13 18:09:08 -0600 $
$Revision: 2018-01-13 18:09:08 -0600 $
$Rev:      2018-01-13 18:09:08 -0600 $
$File:     test-03.txt $
$Source:   test-03.txt $
$Hash:     820b487174e91d527bbc47507c865200ed72a18b $
$Id:       test-03.txt | 2018-01-13 18:09:08 -0600 | david_rotthoff $
 
*****************************************************************
***  Step Finish
***    Title:  06.06: Display contents of test file test-03.txt
***    Status: 0
***    Date:   2018-01-13 18:09:09.241555413
*****************************************************************
 
*****************************************************************
***  Step Start
***    Title: 06.07: List the test files
***    Cmd:   ls -lah "."   
***    Date:  2018-01-13 18:09:09.245207280
*****************************************************************
 
 
Current working directory: /home/mdrotthoff/workspaces/ansible/git-test-repo
 
total 36K
drwxrwxr-x   4 mdrotthoff mdrotthoff 4.0K Jan 13 18:09 .
drwxrwxr-x. 18 mdrotthoff mdrotthoff 4.0K Jan 13 18:09 ..
drwxrwxr-x  10 mdrotthoff mdrotthoff 4.0K Jan 13 18:09 .git
-rw-rw-r--   1 mdrotthoff mdrotthoff  125 Jan 13 18:09 .gitmodules
-rw-rw-r--   1 mdrotthoff mdrotthoff   79 Jan 13 18:09 README.md
-rw-rw-r--   1 mdrotthoff mdrotthoff  350 Jan 13 18:09 test-01.txt
-rw-rw-r--   1 mdrotthoff mdrotthoff  702 Jan 13 18:09 test-02.txt
-rw-rw-r--   1 mdrotthoff mdrotthoff  702 Jan 13 18:09 test-03.txt
drwxrwxr-x   2 mdrotthoff mdrotthoff 4.0K Jan 13 18:09 test-repo2
 
 
*****************************************************************
***  Step Finish
***    Title:  06.07: List the test files
***    Status: 0
***    Date:   2018-01-13 18:09:09.258319453
*****************************************************************
 
*****************************************************************
*****************************************************************
***  Section Finish
***    Title: Commit updated test files to the master repository
***    Date:  2018-01-13 18:09:09.262429169
*****************************************************************
*****************************************************************
 
 
 
*****************************************************************
*****************************************************************
***  Start Section 07
***    Title: Switch to the master branch in the master repository
***    Date:  2018-01-13 18:09:09.267011558
*****************************************************************
*****************************************************************
 
*****************************************************************
***  Step Start
***    Title: 07.01: Checkout the master branch
***    Cmd:   git checkout "master"   
***    Date:  2018-01-13 18:09:09.271164099
*****************************************************************
 
Switched to branch 'master'
Your branch is ahead of 'origin/master' by 1 commit.
  (use "git push" to publish your local commits)
 
On branch master
Your branch is ahead of 'origin/master' by 1 commit.
  (use "git push" to publish your local commits)
nothing to commit, working tree clean
 
*****************************************************************
***  Step Finish
***    Title:  07.01: Checkout the master branch
***    Status: 0
***    Date:   2018-01-13 18:09:09.416117004
*****************************************************************
 
*****************************************************************
***  Step Start
***    Title: 07.02: List the test files
***    Cmd:   ls -lah "."   
***    Date:  2018-01-13 18:09:09.420476694
*****************************************************************
 
 
Current working directory: /home/mdrotthoff/workspaces/ansible/git-test-repo
 
total 24K
drwxrwxr-x   4 mdrotthoff mdrotthoff 4.0K Jan 13 18:09 .
drwxrwxr-x. 18 mdrotthoff mdrotthoff 4.0K Jan 13 18:09 ..
drwxrwxr-x  10 mdrotthoff mdrotthoff 4.0K Jan 13 18:09 .git
-rw-rw-r--   1 mdrotthoff mdrotthoff  125 Jan 13 18:09 .gitmodules
-rw-rw-r--   1 mdrotthoff mdrotthoff   79 Jan 13 18:09 README.md
drwxrwxr-x   2 mdrotthoff mdrotthoff 4.0K Jan 13 18:09 test-repo2
 
 
*****************************************************************
***  Step Finish
***    Title:  07.02: List the test files
***    Status: 0
***    Date:   2018-01-13 18:09:09.433318476
*****************************************************************
 
*****************************************************************
***  Step Start
***    Title: 07.03: Checkout the development branch
***    Cmd:   git checkout "development"   
***    Date:  2018-01-13 18:09:09.437670312
*****************************************************************
 
Switched to branch 'development'
 
On branch development
nothing to commit, working tree clean
 
*****************************************************************
***  Step Finish
***    Title:  07.03: Checkout the development branch
***    Status: 0
***    Date:   2018-01-13 18:09:10.242594659
*****************************************************************
 
*****************************************************************
***  Step Start
***    Title: 07.04: List the test files
***    Cmd:   ls -lah "."   
***    Date:  2018-01-13 18:09:10.245631920
*****************************************************************
 
 
Current working directory: /home/mdrotthoff/workspaces/ansible/git-test-repo
 
total 36K
drwxrwxr-x   4 mdrotthoff mdrotthoff 4.0K Jan 13 18:09 .
drwxrwxr-x. 18 mdrotthoff mdrotthoff 4.0K Jan 13 18:09 ..
drwxrwxr-x  10 mdrotthoff mdrotthoff 4.0K Jan 13 18:09 .git
-rw-rw-r--   1 mdrotthoff mdrotthoff  125 Jan 13 18:09 .gitmodules
-rw-rw-r--   1 mdrotthoff mdrotthoff   79 Jan 13 18:09 README.md
-rw-rw-r--   1 mdrotthoff mdrotthoff  350 Jan 13 18:09 test-01.txt
-rw-rw-r--   1 mdrotthoff mdrotthoff  702 Jan 13 18:09 test-02.txt
-rw-rw-r--   1 mdrotthoff mdrotthoff  702 Jan 13 18:09 test-03.txt
drwxrwxr-x   2 mdrotthoff mdrotthoff 4.0K Jan 13 18:09 test-repo2
 
 
*****************************************************************
***  Step Finish
***    Title:  07.04: List the test files
***    Status: 0
***    Date:   2018-01-13 18:09:10.258543679
*****************************************************************
 
*****************************************************************
***  Step Start
***    Title: 07.05: Checkout the master branch
***    Cmd:   git checkout "master"   
***    Date:  2018-01-13 18:09:10.262159089
*****************************************************************
 
Switched to branch 'master'
Your branch is ahead of 'origin/master' by 1 commit.
  (use "git push" to publish your local commits)
 
On branch master
Your branch is ahead of 'origin/master' by 1 commit.
  (use "git push" to publish your local commits)
nothing to commit, working tree clean
 
*****************************************************************
***  Step Finish
***    Title:  07.05: Checkout the master branch
***    Status: 0
***    Date:   2018-01-13 18:09:10.420325798
*****************************************************************
 
*****************************************************************
***  Step Start
***    Title: 07.06: List the test files
***    Cmd:   ls -lah "."   
***    Date:  2018-01-13 18:09:10.424305463
*****************************************************************
 
 
Current working directory: /home/mdrotthoff/workspaces/ansible/git-test-repo
 
total 24K
drwxrwxr-x   4 mdrotthoff mdrotthoff 4.0K Jan 13 18:09 .
drwxrwxr-x. 18 mdrotthoff mdrotthoff 4.0K Jan 13 18:09 ..
drwxrwxr-x  10 mdrotthoff mdrotthoff 4.0K Jan 13 18:09 .git
-rw-rw-r--   1 mdrotthoff mdrotthoff  125 Jan 13 18:09 .gitmodules
-rw-rw-r--   1 mdrotthoff mdrotthoff   79 Jan 13 18:09 README.md
drwxrwxr-x   2 mdrotthoff mdrotthoff 4.0K Jan 13 18:09 test-repo2
 
 
*****************************************************************
***  Step Finish
***    Title:  07.06: List the test files
***    Status: 0
***    Date:   2018-01-13 18:09:10.436653458
*****************************************************************
 
*****************************************************************
*****************************************************************
***  Section Finish
***    Title: Switch to the master branch in the master repository
***    Date:  2018-01-13 18:09:10.440629319
*****************************************************************
*****************************************************************
 
 
 
*****************************************************************
*****************************************************************
***  Start Section 08
***    Title: Merge development branch to the master branch
***    Date:  2018-01-13 18:09:10.444615733
*****************************************************************
*****************************************************************
 
*****************************************************************
***  Step Start
***    Title: 08.01: List the branches
***    Cmd:   git branch -a   
***    Date:  2018-01-13 18:09:10.448667316
*****************************************************************
 
  development
* master
  remotes/origin/HEAD -> origin/master
  remotes/origin/master
 
On branch master
Your branch is ahead of 'origin/master' by 1 commit.
  (use "git push" to publish your local commits)
nothing to commit, working tree clean
 
*****************************************************************
***  Step Finish
***    Title:  08.01: List the branches
***    Status: 0
***    Date:   2018-01-13 18:09:10.469016065
*****************************************************************
 
*****************************************************************
***  Step Start
***    Title: 08.02: Merge development changes into the master branch
***    Cmd:   git merge "development" -m "Merge from development"   
***    Date:  2018-01-13 18:09:10.473216383
*****************************************************************
 
Updating 1f34f92..820b487
Fast-forward (no commit created; -m option ignored)
 test-01.txt |  8 ++++++++
 test-02.txt | 17 +++++++++++++++++
 test-03.txt | 17 +++++++++++++++++
 3 files changed, 42 insertions(+)
 create mode 100644 test-01.txt
 create mode 100644 test-02.txt
 create mode 100644 test-03.txt
 
On branch master
Your branch is ahead of 'origin/master' by 3 commits.
  (use "git push" to publish your local commits)
nothing to commit, working tree clean
 
*****************************************************************
***  Step Finish
***    Title:  08.02: Merge development changes into the master branch
***    Status: 0
***    Date:   2018-01-13 18:09:11.286335772
*****************************************************************
 
*****************************************************************
***  Step Start
***    Title: 08.03: List the test files after merge
***    Cmd:   ls -lah "."   
***    Date:  2018-01-13 18:09:11.290456733
*****************************************************************
 
 
Current working directory: /home/mdrotthoff/workspaces/ansible/git-test-repo
 
total 36K
drwxrwxr-x   4 mdrotthoff mdrotthoff 4.0K Jan 13 18:09 .
drwxrwxr-x. 18 mdrotthoff mdrotthoff 4.0K Jan 13 18:09 ..
drwxrwxr-x  10 mdrotthoff mdrotthoff 4.0K Jan 13 18:09 .git
-rw-rw-r--   1 mdrotthoff mdrotthoff  125 Jan 13 18:09 .gitmodules
-rw-rw-r--   1 mdrotthoff mdrotthoff   79 Jan 13 18:09 README.md
-rw-rw-r--   1 mdrotthoff mdrotthoff  350 Jan 13 18:09 test-01.txt
-rw-rw-r--   1 mdrotthoff mdrotthoff  702 Jan 13 18:09 test-02.txt
-rw-rw-r--   1 mdrotthoff mdrotthoff  702 Jan 13 18:09 test-03.txt
drwxrwxr-x   2 mdrotthoff mdrotthoff 4.0K Jan 13 18:09 test-repo2
 
 
*****************************************************************
***  Step Finish
***    Title:  08.03: List the test files after merge
***    Status: 0
***    Date:   2018-01-13 18:09:11.303196967
*****************************************************************
 
*****************************************************************
***  Step Start
***    Title: 08.04: Commit the changes
***    Cmd:   git commit -m "08.04: Commit the changes"   
***    Date:  2018-01-13 18:09:11.307213577
*****************************************************************
 
On branch master
Your branch is ahead of 'origin/master' by 3 commits.
  (use "git push" to publish your local commits)
nothing to commit, working tree clean
 
On branch master
Your branch is ahead of 'origin/master' by 3 commits.
  (use "git push" to publish your local commits)
nothing to commit, working tree clean
 
*****************************************************************
***  Step Finish
***    Title:  08.04: Commit the changes
***    Status: 0
***    Date:   2018-01-13 18:09:11.422370670
*****************************************************************
 
*****************************************************************
***  Step Start
***    Title: 08.05: List the test files after commit
***    Cmd:   ls -lah "."   
***    Date:  2018-01-13 18:09:11.426545413
*****************************************************************
 
 
Current working directory: /home/mdrotthoff/workspaces/ansible/git-test-repo
 
total 36K
drwxrwxr-x   4 mdrotthoff mdrotthoff 4.0K Jan 13 18:09 .
drwxrwxr-x. 18 mdrotthoff mdrotthoff 4.0K Jan 13 18:09 ..
drwxrwxr-x  10 mdrotthoff mdrotthoff 4.0K Jan 13 18:09 .git
-rw-rw-r--   1 mdrotthoff mdrotthoff  125 Jan 13 18:09 .gitmodules
-rw-rw-r--   1 mdrotthoff mdrotthoff   79 Jan 13 18:09 README.md
-rw-rw-r--   1 mdrotthoff mdrotthoff  350 Jan 13 18:09 test-01.txt
-rw-rw-r--   1 mdrotthoff mdrotthoff  702 Jan 13 18:09 test-02.txt
-rw-rw-r--   1 mdrotthoff mdrotthoff  702 Jan 13 18:09 test-03.txt
drwxrwxr-x   2 mdrotthoff mdrotthoff 4.0K Jan 13 18:09 test-repo2
 
 
*****************************************************************
***  Step Finish
***    Title:  08.05: List the test files after commit
***    Status: 0
***    Date:   2018-01-13 18:09:11.439802705
*****************************************************************
 
*****************************************************************
***  Step Start
***    Title: 08.06: Display contents of test file test-01.txt
***    Cmd:   cat "test-01.txt"   
***    Date:  2018-01-13 18:09:11.443629735
*****************************************************************
 
$Author:   david_rotthoff <david_rotthoff@rotthoff.home> $
$Date:     2018-01-13 18:09:07 -0600 $
$Revision: 2018-01-13 18:09:07 -0600 $
$Rev:      2018-01-13 18:09:07 -0600 $
$File:     test-01.txt $
$Source:   test-01.txt $
$Hash:     5870d7ef1c049aac9a8b6de5927e7482389e881b $
$Id:       test-01.txt | 2018-01-13 18:09:07 -0600 | david_rotthoff $
 
*****************************************************************
***  Step Finish
***    Title:  08.06: Display contents of test file test-01.txt
***    Status: 0
***    Date:   2018-01-13 18:09:11.450402980
*****************************************************************
 
*****************************************************************
***  Step Start
***    Title: 08.07: Display contents of test file test-02.txt
***    Cmd:   cat "test-02.txt"   
***    Date:  2018-01-13 18:09:11.454728666
*****************************************************************
 
$Author:   david_rotthoff <david_rotthoff@rotthoff.home> $
$Date:     2018-01-13 18:09:08 -0600 $
$Revision: 2018-01-13 18:09:08 -0600 $
$Rev:      2018-01-13 18:09:08 -0600 $
$File:     test-02.txt $
$Source:   test-02.txt $
$Hash:     820b487174e91d527bbc47507c865200ed72a18b $
$Id:       test-02.txt | 2018-01-13 18:09:08 -0600 | david_rotthoff $
 
$Author:   david_rotthoff <david_rotthoff@rotthoff.home> $
$Date:     2018-01-13 18:09:08 -0600 $
$Revision: 2018-01-13 18:09:08 -0600 $
$Rev:      2018-01-13 18:09:08 -0600 $
$File:     test-02.txt $
$Source:   test-02.txt $
$Hash:     820b487174e91d527bbc47507c865200ed72a18b $
$Id:       test-02.txt | 2018-01-13 18:09:08 -0600 | david_rotthoff $
 
*****************************************************************
***  Step Finish
***    Title:  08.07: Display contents of test file test-02.txt
***    Status: 0
***    Date:   2018-01-13 18:09:11.461590306
*****************************************************************
 
*****************************************************************
***  Step Start
***    Title: 08.08: Display contents of test file test-03.txt
***    Cmd:   cat "test-03.txt"   
***    Date:  2018-01-13 18:09:11.465476808
*****************************************************************
 
$Author:   david_rotthoff <david_rotthoff@rotthoff.home> $
$Date:     2018-01-13 18:09:08 -0600 $
$Revision: 2018-01-13 18:09:08 -0600 $
$Rev:      2018-01-13 18:09:08 -0600 $
$File:     test-03.txt $
$Source:   test-03.txt $
$Hash:     820b487174e91d527bbc47507c865200ed72a18b $
$Id:       test-03.txt | 2018-01-13 18:09:08 -0600 | david_rotthoff $
 
$Author:   david_rotthoff <david_rotthoff@rotthoff.home> $
$Date:     2018-01-13 18:09:08 -0600 $
$Revision: 2018-01-13 18:09:08 -0600 $
$Rev:      2018-01-13 18:09:08 -0600 $
$File:     test-03.txt $
$Source:   test-03.txt $
$Hash:     820b487174e91d527bbc47507c865200ed72a18b $
$Id:       test-03.txt | 2018-01-13 18:09:08 -0600 | david_rotthoff $
 
*****************************************************************
***  Step Finish
***    Title:  08.08: Display contents of test file test-03.txt
***    Status: 0
***    Date:   2018-01-13 18:09:11.472826111
*****************************************************************
 
*****************************************************************
*****************************************************************
***  Section Finish
***    Title: Merge development branch to the master branch
***    Date:  2018-01-13 18:09:11.476746651
*****************************************************************
*****************************************************************
 
 
 
*****************************************************************
*****************************************************************
***  Start Section 09
***    Title: Add dev file to development branch
***    Date:  2018-01-13 18:09:11.480602600
*****************************************************************
*****************************************************************
 
*****************************************************************
***  Step Start
***    Title: 09.01: Checkout the development branch
***    Cmd:   git checkout "development"   
***    Date:  2018-01-13 18:09:11.484321516
*****************************************************************
 
Switched to branch 'development'
 
On branch development
nothing to commit, working tree clean
 
*****************************************************************
***  Step Finish
***    Title:  09.01: Checkout the development branch
***    Status: 0
***    Date:   2018-01-13 18:09:12.017760746
*****************************************************************
 
*****************************************************************
***  Step Start
***    Title: 09.02: Build test file dev-01.txt
***    Cmd:   echo >> "dev-01.txt"   
***    Date:  2018-01-13 18:09:12.021491189
*****************************************************************
 
 
** 09.02: Build test file dev-01.txt - start file contents **
$Author$
$Date$
$Revision$
$Rev$
$File$
$Source$
$Hash$
$Id$
** 09.02: Build test file dev-01.txt - end file contents **
 
*****************************************************************
***  Step Finish
***    Title:  09.02: Build test file dev-01.txt
***    Status: 0
***    Date:   2018-01-13 18:09:12.033073012
*****************************************************************
 
*****************************************************************
***  Step Start
***    Title: 09.03: List the test files after adding dev-01.txt
***    Cmd:   ls -lah "."   
***    Date:  2018-01-13 18:09:12.036879032
*****************************************************************
 
 
Current working directory: /home/mdrotthoff/workspaces/ansible/git-test-repo
 
total 40K
drwxrwxr-x   4 mdrotthoff mdrotthoff 4.0K Jan 13 18:09 .
drwxrwxr-x. 18 mdrotthoff mdrotthoff 4.0K Jan 13 18:09 ..
-rw-rw-r--   1 mdrotthoff mdrotthoff   61 Jan 13 18:09 dev-01.txt
drwxrwxr-x  10 mdrotthoff mdrotthoff 4.0K Jan 13 18:09 .git
-rw-rw-r--   1 mdrotthoff mdrotthoff  125 Jan 13 18:09 .gitmodules
-rw-rw-r--   1 mdrotthoff mdrotthoff   79 Jan 13 18:09 README.md
-rw-rw-r--   1 mdrotthoff mdrotthoff  350 Jan 13 18:09 test-01.txt
-rw-rw-r--   1 mdrotthoff mdrotthoff  702 Jan 13 18:09 test-02.txt
-rw-rw-r--   1 mdrotthoff mdrotthoff  702 Jan 13 18:09 test-03.txt
drwxrwxr-x   2 mdrotthoff mdrotthoff 4.0K Jan 13 18:09 test-repo2
 
 
*****************************************************************
***  Step Finish
***    Title:  09.03: List the test files after adding dev-01.txt
***    Status: 0
***    Date:   2018-01-13 18:09:12.049282186
*****************************************************************
 
*****************************************************************
***  Step Start
***    Title: 09.04: Add dev file dev-01.txt to the repository
***    Cmd:   git add --verbose "dev-01.txt"   
***    Date:  2018-01-13 18:09:12.053396030
*****************************************************************
 
add 'dev-01.txt'
 
On branch development
Changes to be committed:
  (use "git reset HEAD <file>..." to unstage)

	new file:   dev-01.txt

 
*****************************************************************
***  Step Finish
***    Title:  09.04: Add dev file dev-01.txt to the repository
***    Status: 0
***    Date:   2018-01-13 18:09:12.132094892
*****************************************************************
 
*****************************************************************
***  Step Start
***    Title: 09.05: Commit the changes
***    Cmd:   git commit -m "09.05: Commit the changes"   
***    Date:  2018-01-13 18:09:12.135835116
*****************************************************************
 
[development da302cb] 09.05: Commit the changes
 1 file changed, 8 insertions(+)
 create mode 100644 dev-01.txt
 
On branch development
nothing to commit, working tree clean
 
*****************************************************************
***  Step Finish
***    Title:  09.05: Commit the changes
***    Status: 0
***    Date:   2018-01-13 18:09:12.455396113
*****************************************************************
 
*****************************************************************
***  Step Start
***    Title: 09.06: List the test files after adding dev-01.txt
***    Cmd:   ls -lah "."   
***    Date:  2018-01-13 18:09:12.459403681
*****************************************************************
 
 
Current working directory: /home/mdrotthoff/workspaces/ansible/git-test-repo
 
total 40K
drwxrwxr-x   4 mdrotthoff mdrotthoff 4.0K Jan 13 18:09 .
drwxrwxr-x. 18 mdrotthoff mdrotthoff 4.0K Jan 13 18:09 ..
-rw-rw-r--   1 mdrotthoff mdrotthoff  347 Jan 13 18:09 dev-01.txt
drwxrwxr-x  10 mdrotthoff mdrotthoff 4.0K Jan 13 18:09 .git
-rw-rw-r--   1 mdrotthoff mdrotthoff  125 Jan 13 18:09 .gitmodules
-rw-rw-r--   1 mdrotthoff mdrotthoff   79 Jan 13 18:09 README.md
-rw-rw-r--   1 mdrotthoff mdrotthoff  350 Jan 13 18:09 test-01.txt
-rw-rw-r--   1 mdrotthoff mdrotthoff  702 Jan 13 18:09 test-02.txt
-rw-rw-r--   1 mdrotthoff mdrotthoff  702 Jan 13 18:09 test-03.txt
drwxrwxr-x   2 mdrotthoff mdrotthoff 4.0K Jan 13 18:09 test-repo2
 
 
*****************************************************************
***  Step Finish
***    Title:  09.06: List the test files after adding dev-01.txt
***    Status: 0
***    Date:   2018-01-13 18:09:12.471361347
*****************************************************************
 
*****************************************************************
***  Step Start
***    Title: 09.07: Display contents of test file dev-01.txt
***    Cmd:   cat "dev-01.txt"   
***    Date:  2018-01-13 18:09:12.475426025
*****************************************************************
 
$Author:   david_rotthoff <david_rotthoff@rotthoff.home> $
$Date:     2018-01-13 18:09:12 -0600 $
$Revision: 2018-01-13 18:09:12 -0600 $
$Rev:      2018-01-13 18:09:12 -0600 $
$File:     dev-01.txt $
$Source:   dev-01.txt $
$Hash:     da302cb6a08218e879daf557137b262f23072fd1 $
$Id:       dev-01.txt | 2018-01-13 18:09:12 -0600 | david_rotthoff $
 
*****************************************************************
***  Step Finish
***    Title:  09.07: Display contents of test file dev-01.txt
***    Status: 0
***    Date:   2018-01-13 18:09:12.482719426
*****************************************************************
 
*****************************************************************
***  Step Start
***    Title: 09.08: Display contents of test file master-01.txt
***    Cmd:   cat "master-01.txt"   
***    Date:  2018-01-13 18:09:12.486420388
*****************************************************************
 
cat: master-01.txt: No such file or directory

 
*****************************************************************
***  Step Finish
***    Title:  09.08: Display contents of test file master-01.txt
***    Status: 0
***    Date:   2018-01-13 18:09:12.493609020
*****************************************************************
 
*****************************************************************
***  Step Start
***    Title: 09.09: Display contents of test file test-01.txt
***    Cmd:   cat "test-01.txt"   
***    Date:  2018-01-13 18:09:12.497716099
*****************************************************************
 
$Author:   david_rotthoff <david_rotthoff@rotthoff.home> $
$Date:     2018-01-13 18:09:07 -0600 $
$Revision: 2018-01-13 18:09:07 -0600 $
$Rev:      2018-01-13 18:09:07 -0600 $
$File:     test-01.txt $
$Source:   test-01.txt $
$Hash:     5870d7ef1c049aac9a8b6de5927e7482389e881b $
$Id:       test-01.txt | 2018-01-13 18:09:07 -0600 | david_rotthoff $
 
*****************************************************************
***  Step Finish
***    Title:  09.09: Display contents of test file test-01.txt
***    Status: 0
***    Date:   2018-01-13 18:09:12.504836117
*****************************************************************
 
*****************************************************************
***  Step Start
***    Title: 09.10: Display contents of test file test-02.txt
***    Cmd:   cat "test-02.txt"   
***    Date:  2018-01-13 18:09:12.508869622
*****************************************************************
 
$Author:   david_rotthoff <david_rotthoff@rotthoff.home> $
$Date:     2018-01-13 18:09:08 -0600 $
$Revision: 2018-01-13 18:09:08 -0600 $
$Rev:      2018-01-13 18:09:08 -0600 $
$File:     test-02.txt $
$Source:   test-02.txt $
$Hash:     820b487174e91d527bbc47507c865200ed72a18b $
$Id:       test-02.txt | 2018-01-13 18:09:08 -0600 | david_rotthoff $
 
$Author:   david_rotthoff <david_rotthoff@rotthoff.home> $
$Date:     2018-01-13 18:09:08 -0600 $
$Revision: 2018-01-13 18:09:08 -0600 $
$Rev:      2018-01-13 18:09:08 -0600 $
$File:     test-02.txt $
$Source:   test-02.txt $
$Hash:     820b487174e91d527bbc47507c865200ed72a18b $
$Id:       test-02.txt | 2018-01-13 18:09:08 -0600 | david_rotthoff $
 
*****************************************************************
***  Step Finish
***    Title:  09.10: Display contents of test file test-02.txt
***    Status: 0
***    Date:   2018-01-13 18:09:12.515717936
*****************************************************************
 
*****************************************************************
***  Step Start
***    Title: 09.11: Display contents of test file test-03.txt
***    Cmd:   cat "test-03.txt"   
***    Date:  2018-01-13 18:09:12.519457521
*****************************************************************
 
$Author:   david_rotthoff <david_rotthoff@rotthoff.home> $
$Date:     2018-01-13 18:09:08 -0600 $
$Revision: 2018-01-13 18:09:08 -0600 $
$Rev:      2018-01-13 18:09:08 -0600 $
$File:     test-03.txt $
$Source:   test-03.txt $
$Hash:     820b487174e91d527bbc47507c865200ed72a18b $
$Id:       test-03.txt | 2018-01-13 18:09:08 -0600 | david_rotthoff $
 
$Author:   david_rotthoff <david_rotthoff@rotthoff.home> $
$Date:     2018-01-13 18:09:08 -0600 $
$Revision: 2018-01-13 18:09:08 -0600 $
$Rev:      2018-01-13 18:09:08 -0600 $
$File:     test-03.txt $
$Source:   test-03.txt $
$Hash:     820b487174e91d527bbc47507c865200ed72a18b $
$Id:       test-03.txt | 2018-01-13 18:09:08 -0600 | david_rotthoff $
 
*****************************************************************
***  Step Finish
***    Title:  09.11: Display contents of test file test-03.txt
***    Status: 0
***    Date:   2018-01-13 18:09:12.526565432
*****************************************************************
 
*****************************************************************
*****************************************************************
***  Section Finish
***    Title: Add dev file to development branch
***    Date:  2018-01-13 18:09:12.530731913
*****************************************************************
*****************************************************************
 
 
 
*****************************************************************
*****************************************************************
***  Start Section 10
***    Title: Add master file to master branch
***    Date:  2018-01-13 18:09:12.534974601
*****************************************************************
*****************************************************************
 
*****************************************************************
***  Step Start
***    Title: 10.01: Checkout the master branch
***    Cmd:   git checkout "master"   
***    Date:  2018-01-13 18:09:12.538778273
*****************************************************************
 
Switched to branch 'master'
Your branch is ahead of 'origin/master' by 3 commits.
  (use "git push" to publish your local commits)
 
On branch master
Your branch is ahead of 'origin/master' by 3 commits.
  (use "git push" to publish your local commits)
nothing to commit, working tree clean
 
*****************************************************************
***  Step Finish
***    Title:  10.01: Checkout the master branch
***    Status: 0
***    Date:   2018-01-13 18:09:12.684492843
*****************************************************************
 
*****************************************************************
***  Step Start
***    Title: 10.02: Build test file master-01.txt
***    Cmd:   echo >> "master-01.txt"   
***    Date:  2018-01-13 18:09:12.688846183
*****************************************************************
 
 
** 10.02: Build test file master-01.txt - start file contents **
$Author$
$Date$
$Revision$
$Rev$
$File$
$Source$
$Hash$
$Id$
** 10.02: Build test file master-01.txt - end file contents **
 
*****************************************************************
***  Step Finish
***    Title:  10.02: Build test file master-01.txt
***    Status: 0
***    Date:   2018-01-13 18:09:12.700933482
*****************************************************************
 
*****************************************************************
***  Step Start
***    Title: 10.03: List the test files after adding master-01.txt
***    Cmd:   ls -lah "."   
***    Date:  2018-01-13 18:09:12.705213833
*****************************************************************
 
 
Current working directory: /home/mdrotthoff/workspaces/ansible/git-test-repo
 
total 40K
drwxrwxr-x   4 mdrotthoff mdrotthoff 4.0K Jan 13 18:09 .
drwxrwxr-x. 18 mdrotthoff mdrotthoff 4.0K Jan 13 18:09 ..
drwxrwxr-x  10 mdrotthoff mdrotthoff 4.0K Jan 13 18:09 .git
-rw-rw-r--   1 mdrotthoff mdrotthoff  125 Jan 13 18:09 .gitmodules
-rw-rw-r--   1 mdrotthoff mdrotthoff   61 Jan 13 18:09 master-01.txt
-rw-rw-r--   1 mdrotthoff mdrotthoff   79 Jan 13 18:09 README.md
-rw-rw-r--   1 mdrotthoff mdrotthoff  350 Jan 13 18:09 test-01.txt
-rw-rw-r--   1 mdrotthoff mdrotthoff  702 Jan 13 18:09 test-02.txt
-rw-rw-r--   1 mdrotthoff mdrotthoff  702 Jan 13 18:09 test-03.txt
drwxrwxr-x   2 mdrotthoff mdrotthoff 4.0K Jan 13 18:09 test-repo2
 
 
*****************************************************************
***  Step Finish
***    Title:  10.03: List the test files after adding master-01.txt
***    Status: 0
***    Date:   2018-01-13 18:09:12.718083897
*****************************************************************
 
*****************************************************************
***  Step Start
***    Title: 10.04: Add master file master-01.txt to the repository
***    Cmd:   git add --verbose "master-01.txt"   
***    Date:  2018-01-13 18:09:12.722139045
*****************************************************************
 
add 'master-01.txt'
 
On branch master
Your branch is ahead of 'origin/master' by 3 commits.
  (use "git push" to publish your local commits)
Changes to be committed:
  (use "git reset HEAD <file>..." to unstage)

	new file:   master-01.txt

 
*****************************************************************
***  Step Finish
***    Title:  10.04: Add master file master-01.txt to the repository
***    Status: 0
***    Date:   2018-01-13 18:09:12.803675831
*****************************************************************
 
*****************************************************************
***  Step Start
***    Title: 10.05: Commit the changes
***    Cmd:   git commit -m "10.05: Commit the changes"   
***    Date:  2018-01-13 18:09:12.807303012
*****************************************************************
 
[master 461d162] 10.05: Commit the changes
 1 file changed, 8 insertions(+)
 create mode 100644 master-01.txt
 
On branch master
Your branch is ahead of 'origin/master' by 4 commits.
  (use "git push" to publish your local commits)
nothing to commit, working tree clean
 
*****************************************************************
***  Step Finish
***    Title:  10.05: Commit the changes
***    Status: 0
***    Date:   2018-01-13 18:09:13.126457849
*****************************************************************
 
*****************************************************************
***  Step Start
***    Title: 10.06: List the test files after adding master-01.txt
***    Cmd:   ls -lah "."   
***    Date:  2018-01-13 18:09:13.129680129
*****************************************************************
 
 
Current working directory: /home/mdrotthoff/workspaces/ansible/git-test-repo
 
total 40K
drwxrwxr-x   4 mdrotthoff mdrotthoff 4.0K Jan 13 18:09 .
drwxrwxr-x. 18 mdrotthoff mdrotthoff 4.0K Jan 13 18:09 ..
drwxrwxr-x  10 mdrotthoff mdrotthoff 4.0K Jan 13 18:09 .git
-rw-rw-r--   1 mdrotthoff mdrotthoff  125 Jan 13 18:09 .gitmodules
-rw-rw-r--   1 mdrotthoff mdrotthoff  356 Jan 13 18:09 master-01.txt
-rw-rw-r--   1 mdrotthoff mdrotthoff   79 Jan 13 18:09 README.md
-rw-rw-r--   1 mdrotthoff mdrotthoff  350 Jan 13 18:09 test-01.txt
-rw-rw-r--   1 mdrotthoff mdrotthoff  702 Jan 13 18:09 test-02.txt
-rw-rw-r--   1 mdrotthoff mdrotthoff  702 Jan 13 18:09 test-03.txt
drwxrwxr-x   2 mdrotthoff mdrotthoff 4.0K Jan 13 18:09 test-repo2
 
 
*****************************************************************
***  Step Finish
***    Title:  10.06: List the test files after adding master-01.txt
***    Status: 0
***    Date:   2018-01-13 18:09:13.143651430
*****************************************************************
 
*****************************************************************
***  Step Start
***    Title: 10.07: Display contents of test file dev-01.txt
***    Cmd:   cat "dev-01.txt"   
***    Date:  2018-01-13 18:09:13.147369963
*****************************************************************
 
cat: dev-01.txt: No such file or directory

 
*****************************************************************
***  Step Finish
***    Title:  10.07: Display contents of test file dev-01.txt
***    Status: 0
***    Date:   2018-01-13 18:09:13.154470051
*****************************************************************
 
*****************************************************************
***  Step Start
***    Title: 10.08: Display contents of test file master-01.txt
***    Cmd:   cat "master-01.txt"   
***    Date:  2018-01-13 18:09:13.158222538
*****************************************************************
 
$Author:   david_rotthoff <david_rotthoff@rotthoff.home> $
$Date:     2018-01-13 18:09:12 -0600 $
$Revision: 2018-01-13 18:09:12 -0600 $
$Rev:      2018-01-13 18:09:12 -0600 $
$File:     master-01.txt $
$Source:   master-01.txt $
$Hash:     461d16294e554e05a9b26ee6c62dddc13f088d69 $
$Id:       master-01.txt | 2018-01-13 18:09:12 -0600 | david_rotthoff $
 
*****************************************************************
***  Step Finish
***    Title:  10.08: Display contents of test file master-01.txt
***    Status: 0
***    Date:   2018-01-13 18:09:13.165545146
*****************************************************************
 
*****************************************************************
***  Step Start
***    Title: 10.09: Display contents of test file test-01.txt
***    Cmd:   cat "test-01.txt"   
***    Date:  2018-01-13 18:09:13.169657731
*****************************************************************
 
$Author:   david_rotthoff <david_rotthoff@rotthoff.home> $
$Date:     2018-01-13 18:09:07 -0600 $
$Revision: 2018-01-13 18:09:07 -0600 $
$Rev:      2018-01-13 18:09:07 -0600 $
$File:     test-01.txt $
$Source:   test-01.txt $
$Hash:     5870d7ef1c049aac9a8b6de5927e7482389e881b $
$Id:       test-01.txt | 2018-01-13 18:09:07 -0600 | david_rotthoff $
 
*****************************************************************
***  Step Finish
***    Title:  10.09: Display contents of test file test-01.txt
***    Status: 0
***    Date:   2018-01-13 18:09:13.176424020
*****************************************************************
 
*****************************************************************
***  Step Start
***    Title: 10.10: Display contents of test file test-02.txt
***    Cmd:   cat "test-02.txt"   
***    Date:  2018-01-13 18:09:13.180376734
*****************************************************************
 
$Author:   david_rotthoff <david_rotthoff@rotthoff.home> $
$Date:     2018-01-13 18:09:08 -0600 $
$Revision: 2018-01-13 18:09:08 -0600 $
$Rev:      2018-01-13 18:09:08 -0600 $
$File:     test-02.txt $
$Source:   test-02.txt $
$Hash:     820b487174e91d527bbc47507c865200ed72a18b $
$Id:       test-02.txt | 2018-01-13 18:09:08 -0600 | david_rotthoff $
 
$Author:   david_rotthoff <david_rotthoff@rotthoff.home> $
$Date:     2018-01-13 18:09:08 -0600 $
$Revision: 2018-01-13 18:09:08 -0600 $
$Rev:      2018-01-13 18:09:08 -0600 $
$File:     test-02.txt $
$Source:   test-02.txt $
$Hash:     820b487174e91d527bbc47507c865200ed72a18b $
$Id:       test-02.txt | 2018-01-13 18:09:08 -0600 | david_rotthoff $
 
*****************************************************************
***  Step Finish
***    Title:  10.10: Display contents of test file test-02.txt
***    Status: 0
***    Date:   2018-01-13 18:09:13.187152542
*****************************************************************
 
*****************************************************************
***  Step Start
***    Title: 10.11: Display contents of test file test-03.txt
***    Cmd:   cat "test-03.txt"   
***    Date:  2018-01-13 18:09:13.190887477
*****************************************************************
 
$Author:   david_rotthoff <david_rotthoff@rotthoff.home> $
$Date:     2018-01-13 18:09:08 -0600 $
$Revision: 2018-01-13 18:09:08 -0600 $
$Rev:      2018-01-13 18:09:08 -0600 $
$File:     test-03.txt $
$Source:   test-03.txt $
$Hash:     820b487174e91d527bbc47507c865200ed72a18b $
$Id:       test-03.txt | 2018-01-13 18:09:08 -0600 | david_rotthoff $
 
$Author:   david_rotthoff <david_rotthoff@rotthoff.home> $
$Date:     2018-01-13 18:09:08 -0600 $
$Revision: 2018-01-13 18:09:08 -0600 $
$Rev:      2018-01-13 18:09:08 -0600 $
$File:     test-03.txt $
$Source:   test-03.txt $
$Hash:     820b487174e91d527bbc47507c865200ed72a18b $
$Id:       test-03.txt | 2018-01-13 18:09:08 -0600 | david_rotthoff $
 
*****************************************************************
***  Step Finish
***    Title:  10.11: Display contents of test file test-03.txt
***    Status: 0
***    Date:   2018-01-13 18:09:13.197806438
*****************************************************************
 
*****************************************************************
*****************************************************************
***  Section Finish
***    Title: Add master file to master branch
***    Date:  2018-01-13 18:09:13.201566171
*****************************************************************
*****************************************************************
 
 
 
*****************************************************************
*****************************************************************
***  Start Section 11
***    Title: Merge development branch to master branch
***    Date:  2018-01-13 18:09:13.205189011
*****************************************************************
*****************************************************************
 
*****************************************************************
***  Step Start
***    Title: 11.01: List the branches
***    Cmd:   git branch -a   
***    Date:  2018-01-13 18:09:13.209250069
*****************************************************************
 
  development
* master
  remotes/origin/HEAD -> origin/master
  remotes/origin/master
 
On branch master
Your branch is ahead of 'origin/master' by 4 commits.
  (use "git push" to publish your local commits)
nothing to commit, working tree clean
 
*****************************************************************
***  Step Finish
***    Title:  11.01: List the branches
***    Status: 0
***    Date:   2018-01-13 18:09:13.229503857
*****************************************************************
 
*****************************************************************
***  Step Start
***    Title: 11.02: Merge development changes into the master branch
***    Cmd:   git merge "development" -m "Merge from development"   
***    Date:  2018-01-13 18:09:13.233748165
*****************************************************************
 
Merge made by the 'recursive' strategy.
 dev-01.txt | 8 ++++++++
 1 file changed, 8 insertions(+)
 create mode 100644 dev-01.txt
 
On branch master
Your branch is ahead of 'origin/master' by 6 commits.
  (use "git push" to publish your local commits)
nothing to commit, working tree clean
 
*****************************************************************
***  Step Finish
***    Title:  11.02: Merge development changes into the master branch
***    Status: 0
***    Date:   2018-01-13 18:09:13.573605390
*****************************************************************
 
*****************************************************************
***  Step Start
***    Title: 11.03: List the test files after merging
***    Cmd:   ls -lah "."   
***    Date:  2018-01-13 18:09:13.577392830
*****************************************************************
 
 
Current working directory: /home/mdrotthoff/workspaces/ansible/git-test-repo
 
total 44K
drwxrwxr-x   4 mdrotthoff mdrotthoff 4.0K Jan 13 18:09 .
drwxrwxr-x. 18 mdrotthoff mdrotthoff 4.0K Jan 13 18:09 ..
-rw-rw-r--   1 mdrotthoff mdrotthoff  347 Jan 13 18:09 dev-01.txt
drwxrwxr-x  10 mdrotthoff mdrotthoff 4.0K Jan 13 18:09 .git
-rw-rw-r--   1 mdrotthoff mdrotthoff  125 Jan 13 18:09 .gitmodules
-rw-rw-r--   1 mdrotthoff mdrotthoff  356 Jan 13 18:09 master-01.txt
-rw-rw-r--   1 mdrotthoff mdrotthoff   79 Jan 13 18:09 README.md
-rw-rw-r--   1 mdrotthoff mdrotthoff  350 Jan 13 18:09 test-01.txt
-rw-rw-r--   1 mdrotthoff mdrotthoff  702 Jan 13 18:09 test-02.txt
-rw-rw-r--   1 mdrotthoff mdrotthoff  702 Jan 13 18:09 test-03.txt
drwxrwxr-x   2 mdrotthoff mdrotthoff 4.0K Jan 13 18:09 test-repo2
 
 
*****************************************************************
***  Step Finish
***    Title:  11.03: List the test files after merging
***    Status: 0
***    Date:   2018-01-13 18:09:13.590318354
*****************************************************************
 
*****************************************************************
***  Step Start
***    Title: 11.04: Display contents of test file dev-01.txt
***    Cmd:   cat "dev-01.txt"   
***    Date:  2018-01-13 18:09:13.594993595
*****************************************************************
 
$Author:   david_rotthoff <david_rotthoff@rotthoff.home> $
$Date:     2018-01-13 18:09:12 -0600 $
$Revision: 2018-01-13 18:09:12 -0600 $
$Rev:      2018-01-13 18:09:12 -0600 $
$File:     dev-01.txt $
$Source:   dev-01.txt $
$Hash:     da302cb6a08218e879daf557137b262f23072fd1 $
$Id:       dev-01.txt | 2018-01-13 18:09:12 -0600 | david_rotthoff $
 
*****************************************************************
***  Step Finish
***    Title:  11.04: Display contents of test file dev-01.txt
***    Status: 0
***    Date:   2018-01-13 18:09:13.602585472
*****************************************************************
 
*****************************************************************
***  Step Start
***    Title: 11.05: Display contents of test file master-01.txt
***    Cmd:   cat "master-01.txt"   
***    Date:  2018-01-13 18:09:13.606393522
*****************************************************************
 
$Author:   david_rotthoff <david_rotthoff@rotthoff.home> $
$Date:     2018-01-13 18:09:12 -0600 $
$Revision: 2018-01-13 18:09:12 -0600 $
$Rev:      2018-01-13 18:09:12 -0600 $
$File:     master-01.txt $
$Source:   master-01.txt $
$Hash:     461d16294e554e05a9b26ee6c62dddc13f088d69 $
$Id:       master-01.txt | 2018-01-13 18:09:12 -0600 | david_rotthoff $
 
*****************************************************************
***  Step Finish
***    Title:  11.05: Display contents of test file master-01.txt
***    Status: 0
***    Date:   2018-01-13 18:09:13.612944303
*****************************************************************
 
*****************************************************************
***  Step Start
***    Title: 11.06: Display contents of test file test-01.txt
***    Cmd:   cat "test-01.txt"   
***    Date:  2018-01-13 18:09:13.616820588
*****************************************************************
 
$Author:   david_rotthoff <david_rotthoff@rotthoff.home> $
$Date:     2018-01-13 18:09:07 -0600 $
$Revision: 2018-01-13 18:09:07 -0600 $
$Rev:      2018-01-13 18:09:07 -0600 $
$File:     test-01.txt $
$Source:   test-01.txt $
$Hash:     5870d7ef1c049aac9a8b6de5927e7482389e881b $
$Id:       test-01.txt | 2018-01-13 18:09:07 -0600 | david_rotthoff $
 
*****************************************************************
***  Step Finish
***    Title:  11.06: Display contents of test file test-01.txt
***    Status: 0
***    Date:   2018-01-13 18:09:13.623513753
*****************************************************************
 
*****************************************************************
***  Step Start
***    Title: 11.07: Display contents of test file test-02.txt
***    Cmd:   cat "test-02.txt"   
***    Date:  2018-01-13 18:09:13.627342812
*****************************************************************
 
$Author:   david_rotthoff <david_rotthoff@rotthoff.home> $
$Date:     2018-01-13 18:09:08 -0600 $
$Revision: 2018-01-13 18:09:08 -0600 $
$Rev:      2018-01-13 18:09:08 -0600 $
$File:     test-02.txt $
$Source:   test-02.txt $
$Hash:     820b487174e91d527bbc47507c865200ed72a18b $
$Id:       test-02.txt | 2018-01-13 18:09:08 -0600 | david_rotthoff $
 
$Author:   david_rotthoff <david_rotthoff@rotthoff.home> $
$Date:     2018-01-13 18:09:08 -0600 $
$Revision: 2018-01-13 18:09:08 -0600 $
$Rev:      2018-01-13 18:09:08 -0600 $
$File:     test-02.txt $
$Source:   test-02.txt $
$Hash:     820b487174e91d527bbc47507c865200ed72a18b $
$Id:       test-02.txt | 2018-01-13 18:09:08 -0600 | david_rotthoff $
 
*****************************************************************
***  Step Finish
***    Title:  11.07: Display contents of test file test-02.txt
***    Status: 0
***    Date:   2018-01-13 18:09:13.633701486
*****************************************************************
 
*****************************************************************
***  Step Start
***    Title: 11.08: Display contents of test file test-03.txt
***    Cmd:   cat "test-03.txt"   
***    Date:  2018-01-13 18:09:13.638127426
*****************************************************************
 
$Author:   david_rotthoff <david_rotthoff@rotthoff.home> $
$Date:     2018-01-13 18:09:08 -0600 $
$Revision: 2018-01-13 18:09:08 -0600 $
$Rev:      2018-01-13 18:09:08 -0600 $
$File:     test-03.txt $
$Source:   test-03.txt $
$Hash:     820b487174e91d527bbc47507c865200ed72a18b $
$Id:       test-03.txt | 2018-01-13 18:09:08 -0600 | david_rotthoff $
 
$Author:   david_rotthoff <david_rotthoff@rotthoff.home> $
$Date:     2018-01-13 18:09:08 -0600 $
$Revision: 2018-01-13 18:09:08 -0600 $
$Rev:      2018-01-13 18:09:08 -0600 $
$File:     test-03.txt $
$Source:   test-03.txt $
$Hash:     820b487174e91d527bbc47507c865200ed72a18b $
$Id:       test-03.txt | 2018-01-13 18:09:08 -0600 | david_rotthoff $
 
*****************************************************************
***  Step Finish
***    Title:  11.08: Display contents of test file test-03.txt
***    Status: 0
***    Date:   2018-01-13 18:09:13.645526921
*****************************************************************
 
*****************************************************************
***  Step Start
***    Title: 11.09: Show the repo status
***    Cmd:   git status   
***    Date:  2018-01-13 18:09:13.649730650
*****************************************************************
 
On branch master
Your branch is ahead of 'origin/master' by 6 commits.
  (use "git push" to publish your local commits)
nothing to commit, working tree clean
 
*****************************************************************
***  Step Finish
***    Title:  11.09: Show the repo status
***    Status: 0
***    Date:   2018-01-13 18:09:13.697914122
*****************************************************************
 
*****************************************************************
*****************************************************************
***  Section Finish
***    Title: Merge development branch to master branch
***    Date:  2018-01-13 18:09:13.701743743
*****************************************************************
*****************************************************************
 
 
 
*****************************************************************
*****************************************************************
***  Start Section 12
***    Title: Rebase the master branch
***    Date:  2018-01-13 18:09:13.705995402
*****************************************************************
*****************************************************************
 
*****************************************************************
***  Step Start
***    Title: 12.01: Rebase the master branch
***    Cmd:   git rebase   
***    Date:  2018-01-13 18:09:13.710391274
*****************************************************************
 
First, rewinding head to replay your work on top of it...
warning: unable to rmdir test-repo2: Directory not empty
Applying: 02.10: Commit the submodule to the repository
Applying: 05.01: Commit the test files to the repository
Applying: 06.03: Commit the test files to the repository
Applying: 09.05: Commit the changes
Applying: 10.05: Commit the changes
 
On branch master
Your branch is ahead of 'origin/master' by 5 commits.
  (use "git push" to publish your local commits)
nothing to commit, working tree clean
 
*****************************************************************
***  Step Finish
***    Title:  12.01: Rebase the master branch
***    Status: 0
***    Date:   2018-01-13 18:09:15.914263208
*****************************************************************
 
*****************************************************************
***  Step Start
***    Title: 12.02: List the branches
***    Cmd:   git branch -a   
***    Date:  2018-01-13 18:09:15.918696204
*****************************************************************
 
  development
* master
  remotes/origin/HEAD -> origin/master
  remotes/origin/master
 
On branch master
Your branch is ahead of 'origin/master' by 5 commits.
  (use "git push" to publish your local commits)
nothing to commit, working tree clean
 
*****************************************************************
***  Step Finish
***    Title:  12.02: List the branches
***    Status: 0
***    Date:   2018-01-13 18:09:16.070293836
*****************************************************************
 
*****************************************************************
***  Step Start
***    Title: 12.03: List the test files after rebase operation
***    Cmd:   ls -lah "."   
***    Date:  2018-01-13 18:09:16.074891181
*****************************************************************
 
 
Current working directory: /home/mdrotthoff/workspaces/ansible/git-test-repo
 
total 44K
drwxrwxr-x   4 mdrotthoff mdrotthoff 4.0K Jan 13 18:09 .
drwxrwxr-x. 18 mdrotthoff mdrotthoff 4.0K Jan 13 18:09 ..
-rw-rw-r--   1 mdrotthoff mdrotthoff  347 Jan 13 18:09 dev-01.txt
drwxrwxr-x  10 mdrotthoff mdrotthoff 4.0K Jan 13 18:09 .git
-rw-rw-r--   1 mdrotthoff mdrotthoff  125 Jan 13 18:09 .gitmodules
-rw-rw-r--   1 mdrotthoff mdrotthoff  356 Jan 13 18:09 master-01.txt
-rw-rw-r--   1 mdrotthoff mdrotthoff   79 Jan 13 18:09 README.md
-rw-rw-r--   1 mdrotthoff mdrotthoff  350 Jan 13 18:09 test-01.txt
-rw-rw-r--   1 mdrotthoff mdrotthoff  702 Jan 13 18:09 test-02.txt
-rw-rw-r--   1 mdrotthoff mdrotthoff  702 Jan 13 18:09 test-03.txt
drwxrwxr-x   2 mdrotthoff mdrotthoff 4.0K Jan 13 18:09 test-repo2
 
 
*****************************************************************
***  Step Finish
***    Title:  12.03: List the test files after rebase operation
***    Status: 0
***    Date:   2018-01-13 18:09:16.088216173
*****************************************************************
 
*****************************************************************
***  Step Start
***    Title: 12.04: Display contents of test file dev-01.txt
***    Cmd:   cat "dev-01.txt"   
***    Date:  2018-01-13 18:09:16.092183353
*****************************************************************
 
$Author:   david_rotthoff <david_rotthoff@rotthoff.home> $
$Date:     2018-01-13 18:09:14 -0600 $
$Revision: 2018-01-13 18:09:14 -0600 $
$Rev:      2018-01-13 18:09:14 -0600 $
$File:     dev-01.txt $
$Source:   dev-01.txt $
$Hash:     bbde87f9ba5c95c3f70dc4bc2ab339189d1bfdca $
$Id:       dev-01.txt | 2018-01-13 18:09:14 -0600 | david_rotthoff $
 
*****************************************************************
***  Step Finish
***    Title:  12.04: Display contents of test file dev-01.txt
***    Status: 0
***    Date:   2018-01-13 18:09:16.099237390
*****************************************************************
 
*****************************************************************
***  Step Start
***    Title: 12.05: Display contents of test file master-01.txt
***    Cmd:   cat "master-01.txt"   
***    Date:  2018-01-13 18:09:16.103517411
*****************************************************************
 
$Author:   david_rotthoff <david_rotthoff@rotthoff.home> $
$Date:     2018-01-13 18:09:14 -0600 $
$Revision: 2018-01-13 18:09:14 -0600 $
$Rev:      2018-01-13 18:09:14 -0600 $
$File:     master-01.txt $
$Source:   master-01.txt $
$Hash:     2c1255b29a5dbdaafe47589860c91768d210eded $
$Id:       master-01.txt | 2018-01-13 18:09:14 -0600 | david_rotthoff $
 
*****************************************************************
***  Step Finish
***    Title:  12.05: Display contents of test file master-01.txt
***    Status: 0
***    Date:   2018-01-13 18:09:16.110813960
*****************************************************************
 
*****************************************************************
***  Step Start
***    Title: 12.06: Display contents of test file test-01.txt
***    Cmd:   cat "test-01.txt"   
***    Date:  2018-01-13 18:09:16.114814678
*****************************************************************
 
$Author:   david_rotthoff <david_rotthoff@rotthoff.home> $
$Date:     2018-01-13 18:09:14 -0600 $
$Revision: 2018-01-13 18:09:14 -0600 $
$Rev:      2018-01-13 18:09:14 -0600 $
$File:     test-01.txt $
$Source:   test-01.txt $
$Hash:     0d59425c1dc91aa281dece7f99921389636b3dc6 $
$Id:       test-01.txt | 2018-01-13 18:09:14 -0600 | david_rotthoff $
 
*****************************************************************
***  Step Finish
***    Title:  12.06: Display contents of test file test-01.txt
***    Status: 0
***    Date:   2018-01-13 18:09:16.122195034
*****************************************************************
 
*****************************************************************
***  Step Start
***    Title: 12.07: Display contents of test file test-02.txt
***    Cmd:   cat "test-02.txt"   
***    Date:  2018-01-13 18:09:16.126191775
*****************************************************************
 
$Author:   david_rotthoff <david_rotthoff@rotthoff.home> $
$Date:     2018-01-13 18:09:14 -0600 $
$Revision: 2018-01-13 18:09:14 -0600 $
$Rev:      2018-01-13 18:09:14 -0600 $
$File:     test-02.txt $
$Source:   test-02.txt $
$Hash:     9eedb39f5a21007772ed0a42185af6c19f02a3aa $
$Id:       test-02.txt | 2018-01-13 18:09:14 -0600 | david_rotthoff $
 
$Author:   david_rotthoff <david_rotthoff@rotthoff.home> $
$Date:     2018-01-13 18:09:14 -0600 $
$Revision: 2018-01-13 18:09:14 -0600 $
$Rev:      2018-01-13 18:09:14 -0600 $
$File:     test-02.txt $
$Source:   test-02.txt $
$Hash:     9eedb39f5a21007772ed0a42185af6c19f02a3aa $
$Id:       test-02.txt | 2018-01-13 18:09:14 -0600 | david_rotthoff $
 
*****************************************************************
***  Step Finish
***    Title:  12.07: Display contents of test file test-02.txt
***    Status: 0
***    Date:   2018-01-13 18:09:16.133068584
*****************************************************************
 
*****************************************************************
***  Step Start
***    Title: 12.08: Display contents of test file test-03.txt
***    Cmd:   cat "test-03.txt"   
***    Date:  2018-01-13 18:09:16.136918203
*****************************************************************
 
$Author:   david_rotthoff <david_rotthoff@rotthoff.home> $
$Date:     2018-01-13 18:09:14 -0600 $
$Revision: 2018-01-13 18:09:14 -0600 $
$Rev:      2018-01-13 18:09:14 -0600 $
$File:     test-03.txt $
$Source:   test-03.txt $
$Hash:     9eedb39f5a21007772ed0a42185af6c19f02a3aa $
$Id:       test-03.txt | 2018-01-13 18:09:14 -0600 | david_rotthoff $
 
$Author:   david_rotthoff <david_rotthoff@rotthoff.home> $
$Date:     2018-01-13 18:09:14 -0600 $
$Revision: 2018-01-13 18:09:14 -0600 $
$Rev:      2018-01-13 18:09:14 -0600 $
$File:     test-03.txt $
$Source:   test-03.txt $
$Hash:     9eedb39f5a21007772ed0a42185af6c19f02a3aa $
$Id:       test-03.txt | 2018-01-13 18:09:14 -0600 | david_rotthoff $
 
*****************************************************************
***  Step Finish
***    Title:  12.08: Display contents of test file test-03.txt
***    Status: 0
***    Date:   2018-01-13 18:09:16.143599224
*****************************************************************
 
*****************************************************************
***  Step Start
***    Title: 12.09: Show the repo status
***    Cmd:   git status   
***    Date:  2018-01-13 18:09:16.147373718
*****************************************************************
 
On branch master
Your branch is ahead of 'origin/master' by 5 commits.
  (use "git push" to publish your local commits)
nothing to commit, working tree clean
 
*****************************************************************
***  Step Finish
***    Title:  12.09: Show the repo status
***    Status: 0
***    Date:   2018-01-13 18:09:16.161263075
*****************************************************************
 
*****************************************************************
*****************************************************************
***  Section Finish
***    Title: Rebase the master branch
***    Date:  2018-01-13 18:09:16.165460306
*****************************************************************
*****************************************************************
 
 
 
*****************************************************************
*****************************************************************
***  Start Section 13
***    Title: Merge master branch to development branch
***    Date:  2018-01-13 18:09:16.169474030
*****************************************************************
*****************************************************************
 
*****************************************************************
***  Step Start
***    Title: 13.01: Checkout the development branch
***    Cmd:   git checkout "development"   
***    Date:  2018-01-13 18:09:16.173333927
*****************************************************************
 
Switched to branch 'development'
 
On branch development
nothing to commit, working tree clean
 
*****************************************************************
***  Step Finish
***    Title:  13.01: Checkout the development branch
***    Status: 0
***    Date:   2018-01-13 18:09:16.286626830
*****************************************************************
 
*****************************************************************
***  Step Start
***    Title: 13.02: Merge master changes into the development branch
***    Cmd:   git merge "master" -m "Merge from master"   
***    Date:  2018-01-13 18:09:16.290285743
*****************************************************************
 
Merge made by the 'recursive' strategy.
 master-01.txt | 8 ++++++++
 1 file changed, 8 insertions(+)
 create mode 100644 master-01.txt
 
On branch development
nothing to commit, working tree clean
 
*****************************************************************
***  Step Finish
***    Title:  13.02: Merge master changes into the development branch
***    Status: 0
***    Date:   2018-01-13 18:09:16.629339256
*****************************************************************
 
*****************************************************************
***  Step Start
***    Title: 13.03: List the test files after merging master
***    Cmd:   ls -lah "."   
***    Date:  2018-01-13 18:09:16.633501562
*****************************************************************
 
 
Current working directory: /home/mdrotthoff/workspaces/ansible/git-test-repo
 
total 44K
drwxrwxr-x   4 mdrotthoff mdrotthoff 4.0K Jan 13 18:09 .
drwxrwxr-x. 18 mdrotthoff mdrotthoff 4.0K Jan 13 18:09 ..
-rw-rw-r--   1 mdrotthoff mdrotthoff  347 Jan 13 18:09 dev-01.txt
drwxrwxr-x  10 mdrotthoff mdrotthoff 4.0K Jan 13 18:09 .git
-rw-rw-r--   1 mdrotthoff mdrotthoff  125 Jan 13 18:09 .gitmodules
-rw-rw-r--   1 mdrotthoff mdrotthoff  356 Jan 13 18:09 master-01.txt
-rw-rw-r--   1 mdrotthoff mdrotthoff   79 Jan 13 18:09 README.md
-rw-rw-r--   1 mdrotthoff mdrotthoff  350 Jan 13 18:09 test-01.txt
-rw-rw-r--   1 mdrotthoff mdrotthoff  702 Jan 13 18:09 test-02.txt
-rw-rw-r--   1 mdrotthoff mdrotthoff  702 Jan 13 18:09 test-03.txt
drwxrwxr-x   2 mdrotthoff mdrotthoff 4.0K Jan 13 18:09 test-repo2
 
 
*****************************************************************
***  Step Finish
***    Title:  13.03: List the test files after merging master
***    Status: 0
***    Date:   2018-01-13 18:09:16.646316089
*****************************************************************
 
*****************************************************************
***  Step Start
***    Title: 13.04: Display contents of test file dev-01.txt
***    Cmd:   cat "dev-01.txt"   
***    Date:  2018-01-13 18:09:16.650454523
*****************************************************************
 
$Author:   david_rotthoff <david_rotthoff@rotthoff.home> $
$Date:     2018-01-13 18:09:14 -0600 $
$Revision: 2018-01-13 18:09:14 -0600 $
$Rev:      2018-01-13 18:09:14 -0600 $
$File:     dev-01.txt $
$Source:   dev-01.txt $
$Hash:     bbde87f9ba5c95c3f70dc4bc2ab339189d1bfdca $
$Id:       dev-01.txt | 2018-01-13 18:09:14 -0600 | david_rotthoff $
 
*****************************************************************
***  Step Finish
***    Title:  13.04: Display contents of test file dev-01.txt
***    Status: 0
***    Date:   2018-01-13 18:09:16.657582394
*****************************************************************
 
*****************************************************************
***  Step Start
***    Title: 13.05: Display contents of test file master-01.txt
***    Cmd:   cat "master-01.txt"   
***    Date:  2018-01-13 18:09:16.661698637
*****************************************************************
 
$Author:   david_rotthoff <david_rotthoff@rotthoff.home> $
$Date:     2018-01-13 18:09:14 -0600 $
$Revision: 2018-01-13 18:09:14 -0600 $
$Rev:      2018-01-13 18:09:14 -0600 $
$File:     master-01.txt $
$Source:   master-01.txt $
$Hash:     2c1255b29a5dbdaafe47589860c91768d210eded $
$Id:       master-01.txt | 2018-01-13 18:09:14 -0600 | david_rotthoff $
 
*****************************************************************
***  Step Finish
***    Title:  13.05: Display contents of test file master-01.txt
***    Status: 0
***    Date:   2018-01-13 18:09:16.668664124
*****************************************************************
 
*****************************************************************
***  Step Start
***    Title: 13.06: Display contents of test file test-01.txt
***    Cmd:   cat "test-01.txt"   
***    Date:  2018-01-13 18:09:16.672616014
*****************************************************************
 
$Author:   david_rotthoff <david_rotthoff@rotthoff.home> $
$Date:     2018-01-13 18:09:14 -0600 $
$Revision: 2018-01-13 18:09:14 -0600 $
$Rev:      2018-01-13 18:09:14 -0600 $
$File:     test-01.txt $
$Source:   test-01.txt $
$Hash:     0d59425c1dc91aa281dece7f99921389636b3dc6 $
$Id:       test-01.txt | 2018-01-13 18:09:14 -0600 | david_rotthoff $
 
*****************************************************************
***  Step Finish
***    Title:  13.06: Display contents of test file test-01.txt
***    Status: 0
***    Date:   2018-01-13 18:09:16.679633176
*****************************************************************
 
*****************************************************************
***  Step Start
***    Title: 13.07: Display contents of test file test-02.txt
***    Cmd:   cat "test-02.txt"   
***    Date:  2018-01-13 18:09:16.683611292
*****************************************************************
 
$Author:   david_rotthoff <david_rotthoff@rotthoff.home> $
$Date:     2018-01-13 18:09:14 -0600 $
$Revision: 2018-01-13 18:09:14 -0600 $
$Rev:      2018-01-13 18:09:14 -0600 $
$File:     test-02.txt $
$Source:   test-02.txt $
$Hash:     9eedb39f5a21007772ed0a42185af6c19f02a3aa $
$Id:       test-02.txt | 2018-01-13 18:09:14 -0600 | david_rotthoff $
 
$Author:   david_rotthoff <david_rotthoff@rotthoff.home> $
$Date:     2018-01-13 18:09:14 -0600 $
$Revision: 2018-01-13 18:09:14 -0600 $
$Rev:      2018-01-13 18:09:14 -0600 $
$File:     test-02.txt $
$Source:   test-02.txt $
$Hash:     9eedb39f5a21007772ed0a42185af6c19f02a3aa $
$Id:       test-02.txt | 2018-01-13 18:09:14 -0600 | david_rotthoff $
 
*****************************************************************
***  Step Finish
***    Title:  13.07: Display contents of test file test-02.txt
***    Status: 0
***    Date:   2018-01-13 18:09:16.691060160
*****************************************************************
 
*****************************************************************
***  Step Start
***    Title: 13.08: Display contents of test file test-03.txt
***    Cmd:   cat "test-03.txt"   
***    Date:  2018-01-13 18:09:16.695162271
*****************************************************************
 
$Author:   david_rotthoff <david_rotthoff@rotthoff.home> $
$Date:     2018-01-13 18:09:14 -0600 $
$Revision: 2018-01-13 18:09:14 -0600 $
$Rev:      2018-01-13 18:09:14 -0600 $
$File:     test-03.txt $
$Source:   test-03.txt $
$Hash:     9eedb39f5a21007772ed0a42185af6c19f02a3aa $
$Id:       test-03.txt | 2018-01-13 18:09:14 -0600 | david_rotthoff $
 
$Author:   david_rotthoff <david_rotthoff@rotthoff.home> $
$Date:     2018-01-13 18:09:14 -0600 $
$Revision: 2018-01-13 18:09:14 -0600 $
$Rev:      2018-01-13 18:09:14 -0600 $
$File:     test-03.txt $
$Source:   test-03.txt $
$Hash:     9eedb39f5a21007772ed0a42185af6c19f02a3aa $
$Id:       test-03.txt | 2018-01-13 18:09:14 -0600 | david_rotthoff $
 
*****************************************************************
***  Step Finish
***    Title:  13.08: Display contents of test file test-03.txt
***    Status: 0
***    Date:   2018-01-13 18:09:16.701794705
*****************************************************************
 
*****************************************************************
***  Step Start
***    Title: 13.09: Show the repo status
***    Cmd:   git status   
***    Date:  2018-01-13 18:09:16.705618022
*****************************************************************
 
On branch development
nothing to commit, working tree clean
 
*****************************************************************
***  Step Finish
***    Title:  13.09: Show the repo status
***    Status: 0
***    Date:   2018-01-13 18:09:16.749012477
*****************************************************************
 
*****************************************************************
*****************************************************************
***  Section Finish
***    Title: Merge master branch to development branch
***    Date:  2018-01-13 18:09:16.752804821
*****************************************************************
*****************************************************************
 
 
 
*****************************************************************
*****************************************************************
***  Start Section 14
***    Title: Remove the test files from the development branch
***    Date:  2018-01-13 18:09:16.756975408
*****************************************************************
*****************************************************************
 
*****************************************************************
***  Step Start
***    Title: 14.01: List the branches
***    Cmd:   git branch -a   
***    Date:  2018-01-13 18:09:16.760810667
*****************************************************************
 
* development
  master
  remotes/origin/HEAD -> origin/master
  remotes/origin/master
 
On branch development
nothing to commit, working tree clean
 
*****************************************************************
***  Step Finish
***    Title:  14.01: List the branches
***    Status: 0
***    Date:   2018-01-13 18:09:16.812216232
*****************************************************************
 
*****************************************************************
***  Step Start
***    Title: 14.02: Checkout the development branch
***    Cmd:   git checkout "development"   
***    Date:  2018-01-13 18:09:16.816239778
*****************************************************************
 
Already on 'development'
 
On branch development
nothing to commit, working tree clean
 
*****************************************************************
***  Step Finish
***    Title:  14.02: Checkout the development branch
***    Status: 0
***    Date:   2018-01-13 18:09:17.023746770
*****************************************************************
 
*****************************************************************
***  Step Start
***    Title: 14.03: List the branches
***    Cmd:   git branch -a   
***    Date:  2018-01-13 18:09:17.027969195
*****************************************************************
 
* development
  master
  remotes/origin/HEAD -> origin/master
  remotes/origin/master
 
On branch development
nothing to commit, working tree clean
 
*****************************************************************
***  Step Finish
***    Title:  14.03: List the branches
***    Status: 0
***    Date:   2018-01-13 18:09:17.045170791
*****************************************************************
 
*****************************************************************
***  Step Start
***    Title: 14.04: List the test files prior to removal
***    Cmd:   ls -lah "."   
***    Date:  2018-01-13 18:09:17.049076623
*****************************************************************
 
 
Current working directory: /home/mdrotthoff/workspaces/ansible/git-test-repo
 
total 44K
drwxrwxr-x   4 mdrotthoff mdrotthoff 4.0K Jan 13 18:09 .
drwxrwxr-x. 18 mdrotthoff mdrotthoff 4.0K Jan 13 18:09 ..
-rw-rw-r--   1 mdrotthoff mdrotthoff  347 Jan 13 18:09 dev-01.txt
drwxrwxr-x  10 mdrotthoff mdrotthoff 4.0K Jan 13 18:09 .git
-rw-rw-r--   1 mdrotthoff mdrotthoff  125 Jan 13 18:09 .gitmodules
-rw-rw-r--   1 mdrotthoff mdrotthoff  356 Jan 13 18:09 master-01.txt
-rw-rw-r--   1 mdrotthoff mdrotthoff   79 Jan 13 18:09 README.md
-rw-rw-r--   1 mdrotthoff mdrotthoff  350 Jan 13 18:09 test-01.txt
-rw-rw-r--   1 mdrotthoff mdrotthoff  702 Jan 13 18:09 test-02.txt
-rw-rw-r--   1 mdrotthoff mdrotthoff  702 Jan 13 18:09 test-03.txt
drwxrwxr-x   2 mdrotthoff mdrotthoff 4.0K Jan 13 18:09 test-repo2
 
 
*****************************************************************
***  Step Finish
***    Title:  14.04: List the test files prior to removal
***    Status: 0
***    Date:   2018-01-13 18:09:17.062155176
*****************************************************************
 
*****************************************************************
***  Step Start
***    Title: 14.05: Remove the test files from the development branch
***    Cmd:   git rm "test-*.txt"   
***    Date:  2018-01-13 18:09:17.066118117
*****************************************************************
 
rm 'test-01.txt'
rm 'test-02.txt'
rm 'test-03.txt'
 
On branch development
Changes to be committed:
  (use "git reset HEAD <file>..." to unstage)

	deleted:    test-01.txt
	deleted:    test-02.txt
	deleted:    test-03.txt

 
*****************************************************************
***  Step Finish
***    Title:  14.05: Remove the test files from the development branch
***    Status: 0
***    Date:   2018-01-13 18:09:17.084761738
*****************************************************************
 
*****************************************************************
***  Step Start
***    Title: 14.06: List the test files after removal
***    Cmd:   ls -lah "."   
***    Date:  2018-01-13 18:09:17.088769393
*****************************************************************
 
 
Current working directory: /home/mdrotthoff/workspaces/ansible/git-test-repo
 
total 32K
drwxrwxr-x   4 mdrotthoff mdrotthoff 4.0K Jan 13 18:09 .
drwxrwxr-x. 18 mdrotthoff mdrotthoff 4.0K Jan 13 18:09 ..
-rw-rw-r--   1 mdrotthoff mdrotthoff  347 Jan 13 18:09 dev-01.txt
drwxrwxr-x  10 mdrotthoff mdrotthoff 4.0K Jan 13 18:09 .git
-rw-rw-r--   1 mdrotthoff mdrotthoff  125 Jan 13 18:09 .gitmodules
-rw-rw-r--   1 mdrotthoff mdrotthoff  356 Jan 13 18:09 master-01.txt
-rw-rw-r--   1 mdrotthoff mdrotthoff   79 Jan 13 18:09 README.md
drwxrwxr-x   2 mdrotthoff mdrotthoff 4.0K Jan 13 18:09 test-repo2
 
 
*****************************************************************
***  Step Finish
***    Title:  14.06: List the test files after removal
***    Status: 0
***    Date:   2018-01-13 18:09:17.101902829
*****************************************************************
 
*****************************************************************
***  Step Start
***    Title: 14.07: Commit the changes
***    Cmd:   git commit -m "14.07: Commit the changes"   
***    Date:  2018-01-13 18:09:17.106056001
*****************************************************************
 
[development cb91603] 14.07: Commit the changes
 3 files changed, 42 deletions(-)
 delete mode 100644 test-01.txt
 delete mode 100644 test-02.txt
 delete mode 100644 test-03.txt
 
On branch development
nothing to commit, working tree clean
 
*****************************************************************
***  Step Finish
***    Title:  14.07: Commit the changes
***    Status: 0
***    Date:   2018-01-13 18:09:17.224703760
*****************************************************************
 
*****************************************************************
***  Step Start
***    Title: 14.08: List the test files after commit
***    Cmd:   ls -lah "."   
***    Date:  2018-01-13 18:09:17.229220000
*****************************************************************
 
 
Current working directory: /home/mdrotthoff/workspaces/ansible/git-test-repo
 
total 32K
drwxrwxr-x   4 mdrotthoff mdrotthoff 4.0K Jan 13 18:09 .
drwxrwxr-x. 18 mdrotthoff mdrotthoff 4.0K Jan 13 18:09 ..
-rw-rw-r--   1 mdrotthoff mdrotthoff  347 Jan 13 18:09 dev-01.txt
drwxrwxr-x  10 mdrotthoff mdrotthoff 4.0K Jan 13 18:09 .git
-rw-rw-r--   1 mdrotthoff mdrotthoff  125 Jan 13 18:09 .gitmodules
-rw-rw-r--   1 mdrotthoff mdrotthoff  356 Jan 13 18:09 master-01.txt
-rw-rw-r--   1 mdrotthoff mdrotthoff   79 Jan 13 18:09 README.md
drwxrwxr-x   2 mdrotthoff mdrotthoff 4.0K Jan 13 18:09 test-repo2
 
 
*****************************************************************
***  Step Finish
***    Title:  14.08: List the test files after commit
***    Status: 0
***    Date:   2018-01-13 18:09:17.242094590
*****************************************************************
 
*****************************************************************
*****************************************************************
***  Section Finish
***    Title: Remove the test files from the development branch
***    Date:  2018-01-13 18:09:17.246164588
*****************************************************************
*****************************************************************
 
 
 
*****************************************************************
*****************************************************************
***  Start Section 15
***    Title: Merge development changes into the master branch
***    Date:  2018-01-13 18:09:17.250304178
*****************************************************************
*****************************************************************
 
*****************************************************************
***  Step Start
***    Title: 15.01: List the branches
***    Cmd:   git branch -a   
***    Date:  2018-01-13 18:09:17.254354892
*****************************************************************
 
* development
  master
  remotes/origin/HEAD -> origin/master
  remotes/origin/master
 
On branch development
nothing to commit, working tree clean
 
*****************************************************************
***  Step Finish
***    Title:  15.01: List the branches
***    Status: 0
***    Date:   2018-01-13 18:09:17.272616403
*****************************************************************
 
*****************************************************************
***  Step Start
***    Title: 15.02: Checkout the master branch
***    Cmd:   git checkout "master"   
***    Date:  2018-01-13 18:09:17.276382359
*****************************************************************
 
Switched to branch 'master'
Your branch is ahead of 'origin/master' by 5 commits.
  (use "git push" to publish your local commits)
 
On branch master
Your branch is ahead of 'origin/master' by 5 commits.
  (use "git push" to publish your local commits)
nothing to commit, working tree clean
 
*****************************************************************
***  Step Finish
***    Title:  15.02: Checkout the master branch
***    Status: 0
***    Date:   2018-01-13 18:09:18.125182797
*****************************************************************
 
*****************************************************************
***  Step Start
***    Title: 15.03: List the branches
***    Cmd:   git branch -a   
***    Date:  2018-01-13 18:09:18.129563503
*****************************************************************
 
  development
* master
  remotes/origin/HEAD -> origin/master
  remotes/origin/master
 
On branch master
Your branch is ahead of 'origin/master' by 5 commits.
  (use "git push" to publish your local commits)
nothing to commit, working tree clean
 
*****************************************************************
***  Step Finish
***    Title:  15.03: List the branches
***    Status: 0
***    Date:   2018-01-13 18:09:18.150709496
*****************************************************************
 
*****************************************************************
***  Step Start
***    Title: 15.04: List the test files prior to merge
***    Cmd:   ls -lah "."   
***    Date:  2018-01-13 18:09:18.155082566
*****************************************************************
 
 
Current working directory: /home/mdrotthoff/workspaces/ansible/git-test-repo
 
total 44K
drwxrwxr-x   4 mdrotthoff mdrotthoff 4.0K Jan 13 18:09 .
drwxrwxr-x. 18 mdrotthoff mdrotthoff 4.0K Jan 13 18:09 ..
-rw-rw-r--   1 mdrotthoff mdrotthoff  347 Jan 13 18:09 dev-01.txt
drwxrwxr-x  10 mdrotthoff mdrotthoff 4.0K Jan 13 18:09 .git
-rw-rw-r--   1 mdrotthoff mdrotthoff  125 Jan 13 18:09 .gitmodules
-rw-rw-r--   1 mdrotthoff mdrotthoff  356 Jan 13 18:09 master-01.txt
-rw-rw-r--   1 mdrotthoff mdrotthoff   79 Jan 13 18:09 README.md
-rw-rw-r--   1 mdrotthoff mdrotthoff  350 Jan 13 18:09 test-01.txt
-rw-rw-r--   1 mdrotthoff mdrotthoff  702 Jan 13 18:09 test-02.txt
-rw-rw-r--   1 mdrotthoff mdrotthoff  702 Jan 13 18:09 test-03.txt
drwxrwxr-x   2 mdrotthoff mdrotthoff 4.0K Jan 13 18:09 test-repo2
 
 
*****************************************************************
***  Step Finish
***    Title:  15.04: List the test files prior to merge
***    Status: 0
***    Date:   2018-01-13 18:09:18.168524564
*****************************************************************
 
*****************************************************************
***  Step Start
***    Title: 15.05: Merge development changes into the master branch
***    Cmd:   git merge "development" -m "Merge from development"   
***    Date:  2018-01-13 18:09:18.172270447
*****************************************************************
 
Updating 2c1255b..cb91603
Fast-forward (no commit created; -m option ignored)
 test-01.txt |  8 --------
 test-02.txt | 17 -----------------
 test-03.txt | 17 -----------------
 3 files changed, 42 deletions(-)
 delete mode 100644 test-01.txt
 delete mode 100644 test-02.txt
 delete mode 100644 test-03.txt
 
On branch master
Your branch is ahead of 'origin/master' by 11 commits.
  (use "git push" to publish your local commits)
nothing to commit, working tree clean
 
*****************************************************************
***  Step Finish
***    Title:  15.05: Merge development changes into the master branch
***    Status: 0
***    Date:   2018-01-13 18:09:18.288622258
*****************************************************************
 
*****************************************************************
***  Step Start
***    Title: 15.06: List the test files after merge
***    Cmd:   ls -lah "."   
***    Date:  2018-01-13 18:09:18.292260391
*****************************************************************
 
 
Current working directory: /home/mdrotthoff/workspaces/ansible/git-test-repo
 
total 32K
drwxrwxr-x   4 mdrotthoff mdrotthoff 4.0K Jan 13 18:09 .
drwxrwxr-x. 18 mdrotthoff mdrotthoff 4.0K Jan 13 18:09 ..
-rw-rw-r--   1 mdrotthoff mdrotthoff  347 Jan 13 18:09 dev-01.txt
drwxrwxr-x  10 mdrotthoff mdrotthoff 4.0K Jan 13 18:09 .git
-rw-rw-r--   1 mdrotthoff mdrotthoff  125 Jan 13 18:09 .gitmodules
-rw-rw-r--   1 mdrotthoff mdrotthoff  356 Jan 13 18:09 master-01.txt
-rw-rw-r--   1 mdrotthoff mdrotthoff   79 Jan 13 18:09 README.md
drwxrwxr-x   2 mdrotthoff mdrotthoff 4.0K Jan 13 18:09 test-repo2
 
 
*****************************************************************
***  Step Finish
***    Title:  15.06: List the test files after merge
***    Status: 0
***    Date:   2018-01-13 18:09:18.304592665
*****************************************************************
 
*****************************************************************
***  Step Start
***    Title: 15.07: Commit the changes
***    Cmd:   git commit -m "15.07: Commit the changes"   
***    Date:  2018-01-13 18:09:18.308904746
*****************************************************************
 
On branch master
Your branch is ahead of 'origin/master' by 11 commits.
  (use "git push" to publish your local commits)
nothing to commit, working tree clean
 
On branch master
Your branch is ahead of 'origin/master' by 11 commits.
  (use "git push" to publish your local commits)
nothing to commit, working tree clean
 
*****************************************************************
***  Step Finish
***    Title:  15.07: Commit the changes
***    Status: 0
***    Date:   2018-01-13 18:09:18.333835522
*****************************************************************
 
*****************************************************************
***  Step Start
***    Title: 15.08: List the test files after commit
***    Cmd:   ls -lah "."   
***    Date:  2018-01-13 18:09:18.338713194
*****************************************************************
 
 
Current working directory: /home/mdrotthoff/workspaces/ansible/git-test-repo
 
total 32K
drwxrwxr-x   4 mdrotthoff mdrotthoff 4.0K Jan 13 18:09 .
drwxrwxr-x. 18 mdrotthoff mdrotthoff 4.0K Jan 13 18:09 ..
-rw-rw-r--   1 mdrotthoff mdrotthoff  347 Jan 13 18:09 dev-01.txt
drwxrwxr-x  10 mdrotthoff mdrotthoff 4.0K Jan 13 18:09 .git
-rw-rw-r--   1 mdrotthoff mdrotthoff  125 Jan 13 18:09 .gitmodules
-rw-rw-r--   1 mdrotthoff mdrotthoff  356 Jan 13 18:09 master-01.txt
-rw-rw-r--   1 mdrotthoff mdrotthoff   79 Jan 13 18:09 README.md
drwxrwxr-x   2 mdrotthoff mdrotthoff 4.0K Jan 13 18:09 test-repo2
 
 
*****************************************************************
***  Step Finish
***    Title:  15.08: List the test files after commit
***    Status: 0
***    Date:   2018-01-13 18:09:18.352136654
*****************************************************************
 
*****************************************************************
*****************************************************************
***  Section Finish
***    Title: Merge development changes into the master branch
***    Date:  2018-01-13 18:09:18.356241126
*****************************************************************
*****************************************************************
 
 
 
*****************************************************************
*****************************************************************
***  Start Section 16
***    Title: Checkout the development branch
***    Date:  2018-01-13 18:09:18.360393053
*****************************************************************
*****************************************************************
 
*****************************************************************
***  Step Start
***    Title: 16.01: List the branches
***    Cmd:   git branch -a   
***    Date:  2018-01-13 18:09:18.364461130
*****************************************************************
 
  development
* master
  remotes/origin/HEAD -> origin/master
  remotes/origin/master
 
On branch master
Your branch is ahead of 'origin/master' by 11 commits.
  (use "git push" to publish your local commits)
nothing to commit, working tree clean
 
*****************************************************************
***  Step Finish
***    Title:  16.01: List the branches
***    Status: 0
***    Date:   2018-01-13 18:09:18.384316885
*****************************************************************
 
*****************************************************************
***  Step Start
***    Title: 16.02: Checkout the master branch
***    Cmd:   git checkout "master"   
***    Date:  2018-01-13 18:09:18.388106183
*****************************************************************
 
Already on 'master'
Your branch is ahead of 'origin/master' by 11 commits.
  (use "git push" to publish your local commits)
 
On branch master
Your branch is ahead of 'origin/master' by 11 commits.
  (use "git push" to publish your local commits)
nothing to commit, working tree clean
 
*****************************************************************
***  Step Finish
***    Title:  16.02: Checkout the master branch
***    Status: 0
***    Date:   2018-01-13 18:09:18.507638706
*****************************************************************
 
*****************************************************************
***  Step Start
***    Title: 16.03: List the branches
***    Cmd:   git branch -a   
***    Date:  2018-01-13 18:09:18.511798517
*****************************************************************
 
  development
* master
  remotes/origin/HEAD -> origin/master
  remotes/origin/master
 
On branch master
Your branch is ahead of 'origin/master' by 11 commits.
  (use "git push" to publish your local commits)
nothing to commit, working tree clean
 
*****************************************************************
***  Step Finish
***    Title:  16.03: List the branches
***    Status: 0
***    Date:   2018-01-13 18:09:18.532215907
*****************************************************************
 
*****************************************************************
***  Step Start
***    Title: 16.04: List the test files after checkout of development branch
***    Cmd:   ls -lah "."   
***    Date:  2018-01-13 18:09:18.535987903
*****************************************************************
 
 
Current working directory: /home/mdrotthoff/workspaces/ansible/git-test-repo
 
total 32K
drwxrwxr-x   4 mdrotthoff mdrotthoff 4.0K Jan 13 18:09 .
drwxrwxr-x. 18 mdrotthoff mdrotthoff 4.0K Jan 13 18:09 ..
-rw-rw-r--   1 mdrotthoff mdrotthoff  347 Jan 13 18:09 dev-01.txt
drwxrwxr-x  10 mdrotthoff mdrotthoff 4.0K Jan 13 18:09 .git
-rw-rw-r--   1 mdrotthoff mdrotthoff  125 Jan 13 18:09 .gitmodules
-rw-rw-r--   1 mdrotthoff mdrotthoff  356 Jan 13 18:09 master-01.txt
-rw-rw-r--   1 mdrotthoff mdrotthoff   79 Jan 13 18:09 README.md
drwxrwxr-x   2 mdrotthoff mdrotthoff 4.0K Jan 13 18:09 test-repo2
 
 
*****************************************************************
***  Step Finish
***    Title:  16.04: List the test files after checkout of development branch
***    Status: 0
***    Date:   2018-01-13 18:09:18.549381169
*****************************************************************
 
*****************************************************************
***  Step Start
***    Title: 16.05: Commit any changes
***    Cmd:   git commit -m "16.05: Commit any changes"   
***    Date:  2018-01-13 18:09:18.553547480
*****************************************************************
 
On branch master
Your branch is ahead of 'origin/master' by 11 commits.
  (use "git push" to publish your local commits)
nothing to commit, working tree clean
 
On branch master
Your branch is ahead of 'origin/master' by 11 commits.
  (use "git push" to publish your local commits)
nothing to commit, working tree clean
 
*****************************************************************
***  Step Finish
***    Title:  16.05: Commit any changes
***    Status: 0
***    Date:   2018-01-13 18:09:18.579801247
*****************************************************************
 
*****************************************************************
*****************************************************************
***  Section Finish
***    Title: Checkout the development branch
***    Date:  2018-01-13 18:09:18.583996578
*****************************************************************
*****************************************************************
 
 
 
*****************************************************************
*****************************************************************
***  Start Section 99
***    Title: Remove the test repositories
***    Date:  2018-01-13 18:09:18.588262092
*****************************************************************
*****************************************************************
 
*****************************************************************
***  Step Start
***    Title: 99.01: Change to directory /home/mdrotthoff/workspaces/ansible
***    Cmd:   cd "/home/mdrotthoff/workspaces/ansible"   
***    Date:  2018-01-13 18:09:18.592347519
*****************************************************************
 
 
 
Current working directory: /home/mdrotthoff/workspaces/ansible
total 212K
drwxrwxr-x. 18 mdrotthoff mdrotthoff 4.0K Jan 13 18:09 .
drwxr-xr-x   9 mdrotthoff mdrotthoff 4.0K Nov  4 09:12 ..
drwxrwxr-x. 10 mdrotthoff mdrotthoff 4.0K Nov 22 17:09 ansible
drwxrwxr-x.  2 mdrotthoff mdrotthoff 4.0K Oct 25  2016 .com_puppetlabs_geppetto_pptp_target
drwxrwxr-x.  6 mdrotthoff mdrotthoff 4.0K Dec 27 21:46 dba_home
drwxrwxr-x   5 mdrotthoff mdrotthoff 4.0K Jan 13 15:16 git-rcs-keywords
drwxrwxr-x.  4 mdrotthoff mdrotthoff 4.0K Dec 16 14:43 git-rcs-keywords.old
drwxrwxr-x.  5 mdrotthoff mdrotthoff 4.0K Jan  6 12:20 git-test
drwxrwxr-x.  4 mdrotthoff mdrotthoff 4.0K Jan  6 13:58 git-test-alt
drwxrwxr-x   4 mdrotthoff mdrotthoff 4.0K Jan 13 18:09 git-test-repo
drwxrwxr-x.  3 mdrotthoff mdrotthoff 4.0K Oct  7 15:18 mdrotthoff.git-keywords
drwxrwxr-x.  8 mdrotthoff mdrotthoff 4.0K Oct  2 21:39 mdrotthoff.network_interface
drwxrwxr-x.  7 mdrotthoff mdrotthoff 4.0K Sep 17 10:47 mdrotthoff.sshknownhosts
drwxrwxr-x.  4 mdrotthoff mdrotthoff 4.0K Dec 21 10:10 .metadata
drwxrwxr-x.  6 mdrotthoff mdrotthoff 4.0K Oct  7 14:13 opsview
drwxrwxr-x.  2 mdrotthoff mdrotthoff 4.0K Oct 25  2016 RemoteSystemsTempFiles
-rw-rw-r--   1 mdrotthoff mdrotthoff 135K Jan 13 18:09 test-suite.log
drwxrwxr-x.  4 mdrotthoff mdrotthoff 4.0K Oct  7 14:13 tnsnames
drwxrwxr-x.  3 mdrotthoff mdrotthoff 4.0K Oct  2 21:41 va-logrotate
-rwxrwxr-x.  1 mdrotthoff mdrotthoff 2.2K Nov 12 11:54 workspace-git.sh
 
*****************************************************************
***  Step Finish
***    Title:  99.01: Change to directory /home/mdrotthoff/workspaces/ansible
***    Status: 0
***    Date:   2018-01-13 18:09:18.604185846
*****************************************************************
 
*****************************************************************
***  Step Start
***    Title: 99.02: Remove repo directory git-test-repo
***    Cmd:   cd "git-test-repo"   
***    Date:  2018-01-13 18:09:18.608543190
*****************************************************************
 
 
 
Current working directory: /home/mdrotthoff/workspaces/ansible
total 212K
drwxrwxr-x. 17 mdrotthoff mdrotthoff 4.0K Jan 13 18:09 .
drwxr-xr-x   9 mdrotthoff mdrotthoff 4.0K Nov  4 09:12 ..
drwxrwxr-x. 10 mdrotthoff mdrotthoff 4.0K Nov 22 17:09 ansible
drwxrwxr-x.  2 mdrotthoff mdrotthoff 4.0K Oct 25  2016 .com_puppetlabs_geppetto_pptp_target
drwxrwxr-x.  6 mdrotthoff mdrotthoff 4.0K Dec 27 21:46 dba_home
drwxrwxr-x   5 mdrotthoff mdrotthoff 4.0K Jan 13 15:16 git-rcs-keywords
drwxrwxr-x.  4 mdrotthoff mdrotthoff 4.0K Dec 16 14:43 git-rcs-keywords.old
drwxrwxr-x.  5 mdrotthoff mdrotthoff 4.0K Jan  6 12:20 git-test
drwxrwxr-x.  4 mdrotthoff mdrotthoff 4.0K Jan  6 13:58 git-test-alt
drwxrwxr-x.  3 mdrotthoff mdrotthoff 4.0K Oct  7 15:18 mdrotthoff.git-keywords
drwxrwxr-x.  8 mdrotthoff mdrotthoff 4.0K Oct  2 21:39 mdrotthoff.network_interface
drwxrwxr-x.  7 mdrotthoff mdrotthoff 4.0K Sep 17 10:47 mdrotthoff.sshknownhosts
drwxrwxr-x.  4 mdrotthoff mdrotthoff 4.0K Dec 21 10:10 .metadata
drwxrwxr-x.  6 mdrotthoff mdrotthoff 4.0K Oct  7 14:13 opsview
drwxrwxr-x.  2 mdrotthoff mdrotthoff 4.0K Oct 25  2016 RemoteSystemsTempFiles
-rw-rw-r--   1 mdrotthoff mdrotthoff 137K Jan 13 18:09 test-suite.log
drwxrwxr-x.  4 mdrotthoff mdrotthoff 4.0K Oct  7 14:13 tnsnames
drwxrwxr-x.  3 mdrotthoff mdrotthoff 4.0K Oct  2 21:41 va-logrotate
-rwxrwxr-x.  1 mdrotthoff mdrotthoff 2.2K Nov 12 11:54 workspace-git.sh
 
*****************************************************************
***  Step Finish
***    Title:  99.02: Remove repo directory git-test-repo
***    Status: 0
***    Date:   2018-01-13 18:09:18.631731509
*****************************************************************
 
*****************************************************************
*****************************************************************
***  Section Finish
***    Title: Remove the test repositories
***    Date:  2018-01-13 18:09:18.635684163
*****************************************************************
*****************************************************************
 
 
 
